******************************************************************************
                  MSP430 Linker PC v4.4.8                      
******************************************************************************
>> Linked Thu Mar 30 13:21:04 2017

OUTPUT FILE NAME:   <RF_SOURCE.out>
ENTRY POINT SYMBOL: "_c_int00_noargs_noexit"  address: 0000dfa4


MEMORY CONFIGURATION

         name            origin    length      used     unused   attr    fill
----------------------  --------  ---------  --------  --------  ----  --------
  SFR                   00000000   00000010  00000000  00000010  RWIX
  PERIPHERALS_8BIT      00000010   000000f0  00000000  000000f0  RWIX
  PERIPHERALS_16BIT     00000100   00000100  00000000  00000100  RWIX
  RAM                   00000200   00000200  00000054  000001ac  RWIX
  INFOD                 00001000   00000040  00000000  00000040  RWIX
  INFOC                 00001040   00000040  00000000  00000040  RWIX
  INFOB                 00001080   00000040  00000000  00000040  RWIX
  INFOA                 000010c0   00000040  00000000  00000040  RWIX
  FLASH                 0000c000   00003fde  000020dc  00001f02  RWIX
  BSLSIGNATURE          0000ffde   00000002  00000002  00000000  RWIX  ffff 
  INT00                 0000ffe0   00000002  00000002  00000000  RWIX
  INT01                 0000ffe2   00000002  00000000  00000002  RWIX
  INT02                 0000ffe4   00000002  00000002  00000000  RWIX
  INT03                 0000ffe6   00000002  00000002  00000000  RWIX
  INT04                 0000ffe8   00000002  00000000  00000002  RWIX
  INT05                 0000ffea   00000002  00000002  00000000  RWIX
  INT06                 0000ffec   00000002  00000002  00000000  RWIX
  INT07                 0000ffee   00000002  00000002  00000000  RWIX
  INT08                 0000fff0   00000002  00000002  00000000  RWIX
  INT09                 0000fff2   00000002  00000002  00000000  RWIX
  INT10                 0000fff4   00000002  00000002  00000000  RWIX
  INT11                 0000fff6   00000002  00000002  00000000  RWIX
  INT12                 0000fff8   00000002  00000002  00000000  RWIX
  INT13                 0000fffa   00000002  00000002  00000000  RWIX
  INT14                 0000fffc   00000002  00000002  00000000  RWIX
  RESET                 0000fffe   00000002  00000002  00000000  RWIX


SECTION ALLOCATION MAP

 output                                  attributes/
section   page    origin      length       input sections
--------  ----  ----------  ----------   ----------------
.data      0    00000200    00000004     UNINITIALIZED
                  00000200    00000004     si570-register-transmitter.obj (.data)

.TI.persistent 
*          0    00000200    00000000     UNINITIALIZED

.stack     0    000003b0    00000050     UNINITIALIZED
                  000003b0    00000002     rts430_eabi.lib : boot.obj (.stack)
                  000003b2    0000004e     --HOLE--

.text      0    0000c000    000020c0     
                  0000c000    00000462     rts430_eabi.lib : frcdivd.obj (.text:__TI_frcdivd)
                  0000c462    000002f4                     : frcmpyd.obj (.text:__TI_frcmpyd)
                  0000c756    000002e8                     : addd.obj (.text:__mspabi_addd)
                  0000ca3e    0000026e                     : mpyd.obj (.text:__mspabi_mpyd)
                  0000ccac    00000260                     : frcaddd.obj (.text:__TI_frcaddd)
                  0000cf0c    00000238                     : divd.obj (.text:__mspabi_divd)
                  0000d144    000001d0                     : floor.obj (.text:floor)
                  0000d314    000001be                     : ceil.obj (.text:ceil)
                  0000d4d2    0000018e     si570-register-calculator.obj (.text:_ZN23Si570RegisterCalculator15UpdateFrequencyEd)
                  0000d660    000000ee     si570-controller.obj (.text:_ZN15Si570Controller6UpdateEd)
                  0000d74e    000000dc     rts430_eabi.lib : cmpd.obj (.text:__mspabi_cmpd)
                  0000d82a    000000be                     : renormd.obj (.text:__TI_renormd)
                  0000d8e8    000000a2                     : fltlid.obj (.text:__mspabi_fltlid)
                  0000d98a    0000009e                     : fixdlli.obj (.text:__mspabi_fixdlli)
                  0000da28    00000072                     : fixdli.obj (.text:__mspabi_fixdli)
                  0000da9a    00000064                     : copy_decompress_rle.obj (.text:__TI_decompress_rle_core)
                  0000dafe    0000005c                     : lsr32.obj (.text:l_lsr_const)
                  0000db5a    00000058                     : autoinit.obj (.text:_auto_init)
                  0000dbb2    00000050     main.obj (.text:main)
                  0000dc02    0000004c     rts430_eabi.lib : lsr16.obj (.text)
                  0000dc4e    00000048                     : asr64.obj (.text:__mspabi_srall)
                  0000dc96    00000044                     : lsr64.obj (.text:__mspabi_srlll)
                  0000dcda    00000042                     : lsl64.obj (.text:__mspabi_sllll)
                  0000dd1c    0000003e     si570-controller.obj (.text:_ZN15Si570ControllerC1EP23Si570RegisterCalculatorP24Si570RegisterTransmitterd)
                  0000dd5a    0000003e     rts430_eabi.lib : asr32.obj (.text:l_asr_const)
                  0000dd98    0000003e                     : lsl32.obj (.text:l_lsl_const)
                  0000ddd6    00000036     si570-register-transmitter.obj (.text:_ZN24Si570RegisterTransmitterC1Eh)
                  0000de0c    0000002e     rts430_eabi.lib : subd.obj (.text:__mspabi_subd)
                  0000de3a    0000002c                     : asr16.obj (.text)
                  0000de66    0000002c                     : lsl16.obj (.text)
                  0000de92    00000028                     : fixdi.obj (.text:__mspabi_fixdi)
                  0000deba    00000026     lcd-controller.obj (.text:_ZN13LCDController12EncoderSetupEv)
                  0000dee0    00000026     rts430_eabi.lib : mult32.obj (.text)
                  0000df06    00000022     si570-register-calculator.obj (.text:_ZN23Si570RegisterCalculator8get_reg8Ev)
                  0000df28    00000022     si570-register-calculator.obj (.text:_ZN23Si570RegisterCalculator8get_reg9Ev)
                  0000df4a    00000020     si570-register-calculator.obj (.text:_ZN23Si570RegisterCalculator9get_reg11Ev)
                  0000df6a    0000001e     si570-register-transmitter.obj (.text:_ZN24Si570RegisterTransmitter16TransmitRegisterEhh)
                  0000df88    0000001c     si570-register-calculator.obj (.text:_ZN23Si570RegisterCalculator8get_reg7Ev)
                  0000dfa4    0000001a     rts430_eabi.lib : boot_special.obj (.text:_c_int00_noargs_noexit)
                  0000dfbe    00000016     lcd-controller.obj (.text:_ZN13LCDController11SendCommandEh)
                  0000dfd4    00000016     lcd-controller.obj (.text:_ZN13LCDController7LCDInitEv)
                  0000dfea    00000014     configuration.obj (.text:_ZN13Configuration15ConfigureClocksEv)
                  0000dffe    00000014     rts430_eabi.lib : mult16.obj (.text)
                  0000e012    00000012                     : copy_decompress_none.obj (.text:decompress:none:__TI_decompress_none)
                  0000e024    00000012                     : lsr32.obj (.text:l_lsr)
                  0000e036    00000012                     : memcpy.obj (.text:memcpy)
                  0000e048    00000010                     : asr32.obj (.text:l_asr)
                  0000e058    00000010                     : lsl32.obj (.text:l_lsl)
                  0000e068    00000010                     : epilog.obj (.text)
                  0000e078    0000000c                     : fltid.obj (.text:__mspabi_fltid)
                  0000e084    0000000a     lcd-controller.obj (.text:_ZN13LCDController11UnusedPortsEv)
                  0000e08e    0000000a     lcd-controller.obj (.text:_ZN13LCDController12EnableNybbleEv)
                  0000e098    00000008     configuration.obj (.text:_ZN13Configuration4InitEv)
                  0000e0a0    00000006     si570-register-calculator.obj (.text:_ZN23Si570RegisterCalculator9get_reg10Ev)
                  0000e0a6    00000006     si570-register-calculator.obj (.text:_ZN23Si570RegisterCalculator9get_reg12Ev)
                  0000e0ac    00000006     rts430_eabi.lib : isr_trap.obj (.text:_isr:__TI_ISR_TRAP)
                  0000e0b2    00000006                     : copy_decompress_rle.obj (.text:decompress:rle24:__TI_decompress_rle24)
                  0000e0b8    00000004                     : pre_init.obj (.text:_system_pre_init)
                  0000e0bc    00000004                     : exit.obj (.text:abort)

.const     0    0000e0c0    0000000c     
                  0000e0c0    0000000c     si570-register-calculator.obj (.const:_ZN23Si570RegisterCalculator10kHsDivValsE)

.cinit     0    0000e0cc    00000010     
                  0000e0cc    00000008     (.cinit..data.load) [load image]
                  0000e0d4    00000004     (__TI_handler_table)
                  0000e0d8    00000004     (__TI_cinit_table)

.init_array 
*          0    0000c000    00000000     UNINITIALIZED

TRAPINT    0    0000ffe0    00000002     
                  0000ffe0    00000002     rts430_eabi.lib : int00.obj (.int00)

PORT1      0    0000ffe4    00000002     
                  0000ffe4    00000002     rts430_eabi.lib : int02.obj (.int02)

PORT2      0    0000ffe6    00000002     
                  0000ffe6    00000002     rts430_eabi.lib : int03.obj (.int03)

$fill000   0    0000ffde    00000002     
                  0000ffde    00000002     --HOLE-- [fill = ffff]

ADC10      0    0000ffea    00000002     
                  0000ffea    00000002     rts430_eabi.lib : int05.obj (.int05)

USCIAB0TX 
*          0    0000ffec    00000002     
                  0000ffec    00000002     rts430_eabi.lib : int06.obj (.int06)

USCIAB0RX 
*          0    0000ffee    00000002     
                  0000ffee    00000002     rts430_eabi.lib : int07.obj (.int07)

TIMER0_A1 
*          0    0000fff0    00000002     
                  0000fff0    00000002     rts430_eabi.lib : int08.obj (.int08)

TIMER0_A0 
*          0    0000fff2    00000002     
                  0000fff2    00000002     rts430_eabi.lib : int09.obj (.int09)

WDT        0    0000fff4    00000002     
                  0000fff4    00000002     rts430_eabi.lib : int10.obj (.int10)

COMPARATORA 
*          0    0000fff6    00000002     
                  0000fff6    00000002     rts430_eabi.lib : int11.obj (.int11)

TIMER1_A1 
*          0    0000fff8    00000002     
                  0000fff8    00000002     rts430_eabi.lib : int12.obj (.int12)

TIMER1_A0 
*          0    0000fffa    00000002     
                  0000fffa    00000002     rts430_eabi.lib : int13.obj (.int13)

NMI        0    0000fffc    00000002     
                  0000fffc    00000002     rts430_eabi.lib : int14.obj (.int14)

.reset     0    0000fffe    00000002     
                  0000fffe    00000002     rts430_eabi.lib : boot.obj (.reset)


LINKER GENERATED COPY TABLES

__TI_cinit_table @ 0000e0d8 records: 1, size/record: 4, table size: 4
	.data: load addr=0000e0cc, load size=00000008 bytes, run addr=00000200, run size=00000004 bytes, compression=copy


LINKER GENERATED HANDLER TABLE

__TI_handler_table @ 0000e0d4 records: 2, size/record: 2, table size: 4
	index: 0, handler: __TI_decompress_rle24
	index: 1, handler: __TI_decompress_none


GLOBAL SYMBOLS: SORTED ALPHABETICALLY BY Name 

address   name                                                                         
-------   ----                                                                         
0000004a  ADC10AE0                                                                     
000001b0  ADC10CTL0                                                                    
000001b2  ADC10CTL1                                                                    
00000048  ADC10DTC0                                                                    
00000049  ADC10DTC1                                                                    
000001b4  ADC10MEM                                                                     
000001bc  ADC10SA                                                                      
00000057  BCSCTL1                                                                      
00000058  BCSCTL2                                                                      
00000053  BCSCTL3                                                                      
0000e0bc  C$$EXIT                                                                      
00000059  CACTL1                                                                       
0000005a  CACTL2                                                                       
000010fb  CALBC1_12MHZ                                                                 
000010f9  CALBC1_16MHZ                                                                 
000010ff  CALBC1_1MHZ                                                                  
000010fd  CALBC1_8MHZ                                                                  
000010fa  CALDCO_12MHZ                                                                 
000010f8  CALDCO_16MHZ                                                                 
000010fe  CALDCO_1MHZ                                                                  
000010fc  CALDCO_8MHZ                                                                  
0000005b  CAPD                                                                         
00000056  DCOCTL                                                                       
00000128  FCTL1                                                                        
0000012a  FCTL2                                                                        
0000012c  FCTL3                                                                        
00000000  IE1                                                                          
00000001  IE2                                                                          
00000002  IFG1                                                                         
00000003  IFG2                                                                         
00000022  P1DIR                                                                        
00000025  P1IE                                                                         
00000024  P1IES                                                                        
00000023  P1IFG                                                                        
00000020  P1IN                                                                         
00000021  P1OUT                                                                        
00000027  P1REN                                                                        
00000026  P1SEL                                                                        
00000041  P1SEL2                                                                       
0000002a  P2DIR                                                                        
0000002d  P2IE                                                                         
0000002c  P2IES                                                                        
0000002b  P2IFG                                                                        
00000028  P2IN                                                                         
00000029  P2OUT                                                                        
0000002f  P2REN                                                                        
0000002e  P2SEL                                                                        
00000042  P2SEL2                                                                       
0000001a  P3DIR                                                                        
00000018  P3IN                                                                         
00000019  P3OUT                                                                        
00000010  P3REN                                                                        
0000001b  P3SEL                                                                        
00000043  P3SEL2                                                                       
00000172  TA0CCR0                                                                      
00000174  TA0CCR1                                                                      
00000176  TA0CCR2                                                                      
00000162  TA0CCTL0                                                                     
00000164  TA0CCTL1                                                                     
00000166  TA0CCTL2                                                                     
00000160  TA0CTL                                                                       
0000012e  TA0IV                                                                        
00000170  TA0R                                                                         
00000192  TA1CCR0                                                                      
00000194  TA1CCR1                                                                      
00000196  TA1CCR2                                                                      
00000182  TA1CCTL0                                                                     
00000184  TA1CCTL1                                                                     
00000186  TA1CCTL2                                                                     
00000180  TA1CTL                                                                       
0000011e  TA1IV                                                                        
00000190  TA1R                                                                         
000010db  TLV_ADC10_1_LEN                                                              
000010da  TLV_ADC10_1_TAG                                                              
000010c0  TLV_CHECKSUM                                                                 
000010f7  TLV_DCO_30_LEN                                                               
000010f6  TLV_DCO_30_TAG                                                               
0000005d  UCA0ABCTL                                                                    
00000062  UCA0BR0                                                                      
00000063  UCA0BR1                                                                      
00000060  UCA0CTL0                                                                     
00000061  UCA0CTL1                                                                     
0000005f  UCA0IRRCTL                                                                   
0000005e  UCA0IRTCTL                                                                   
00000064  UCA0MCTL                                                                     
00000066  UCA0RXBUF                                                                    
00000065  UCA0STAT                                                                     
00000067  UCA0TXBUF                                                                    
0000006a  UCB0BR0                                                                      
0000006b  UCB0BR1                                                                      
00000068  UCB0CTL0                                                                     
00000069  UCB0CTL1                                                                     
0000006c  UCB0I2CIE                                                                    
00000118  UCB0I2COA                                                                    
0000011a  UCB0I2CSA                                                                    
0000006e  UCB0RXBUF                                                                    
0000006d  UCB0STAT                                                                     
0000006f  UCB0TXBUF                                                                    
00000120  WDTCTL                                                                       
0000dfea  _ZN13Configuration15ConfigureClocksEv                                        
0000e098  _ZN13Configuration4InitEv                                                    
0000dfbe  _ZN13LCDController11SendCommandEh                                            
0000e084  _ZN13LCDController11UnusedPortsEv                                            
0000e08e  _ZN13LCDController12EnableNybbleEv                                           
0000deba  _ZN13LCDController12EncoderSetupEv                                           
0000dfd4  _ZN13LCDController7LCDInitEv                                                 
0000d660  _ZN15Si570Controller6UpdateEd                                                
0000dd1c  _ZN15Si570ControllerC1EP23Si570RegisterCalculatorP24Si570RegisterTransmitterd
0000dd1c  _ZN15Si570ControllerC2EP23Si570RegisterCalculatorP24Si570RegisterTransmitterd
0000e0c0  _ZN23Si570RegisterCalculator10kHsDivValsE                                    
0000d4d2  _ZN23Si570RegisterCalculator15UpdateFrequencyEd                              
0000df88  _ZN23Si570RegisterCalculator8get_reg7Ev                                      
0000df06  _ZN23Si570RegisterCalculator8get_reg8Ev                                      
0000df28  _ZN23Si570RegisterCalculator8get_reg9Ev                                      
0000e0a0  _ZN23Si570RegisterCalculator9get_reg10Ev                                     
0000df4a  _ZN23Si570RegisterCalculator9get_reg11Ev                                     
0000e0a6  _ZN23Si570RegisterCalculator9get_reg12Ev                                     
00000200  _ZN24Si570RegisterTransmitter15transmit_state_E                              
00000203  _ZN24Si570RegisterTransmitter15transmit_value_E                              
0000df6a  _ZN24Si570RegisterTransmitter16TransmitRegisterEhh                           
00000202  _ZN24Si570RegisterTransmitter18transmit_register_E                           
0000ddd6  _ZN24Si570RegisterTransmitterC1Eh                                            
0000ddd6  _ZN24Si570RegisterTransmitterC2Eh                                            
00000400  __STACK_END                                                                  
00000050  __STACK_SIZE                                                                 
0000e0d8  __TI_CINIT_Base                                                              
0000e0dc  __TI_CINIT_Limit                                                             
0000e0d4  __TI_Handler_Table_Base                                                      
0000e0d8  __TI_Handler_Table_Limit                                                     
UNDEFED   __TI_INITARRAY_Base                                                          
UNDEFED   __TI_INITARRAY_Limit                                                         
0000e0ac  __TI_ISR_TRAP                                                                
0000e012  __TI_decompress_none                                                         
0000e0b2  __TI_decompress_rle24                                                        
0000ccac  __TI_frcaddd                                                                 
0000c000  __TI_frcdivd                                                                 
0000c462  __TI_frcmpyd                                                                 
0000ffe0  __TI_int00                                                                   
0000ffe4  __TI_int02                                                                   
0000ffe6  __TI_int03                                                                   
0000ffea  __TI_int05                                                                   
0000ffec  __TI_int06                                                                   
0000ffee  __TI_int07                                                                   
0000fff0  __TI_int08                                                                   
0000fff2  __TI_int09                                                                   
0000fff4  __TI_int10                                                                   
0000fff6  __TI_int11                                                                   
0000fff8  __TI_int12                                                                   
0000fffa  __TI_int13                                                                   
0000fffc  __TI_int14                                                                   
0000d82a  __TI_renormd                                                                 
ffffffff  __binit__                                                                    
ffffffff  __c_args__                                                                   
0000c756  __mspabi_addd                                                                
0000d74e  __mspabi_cmpd                                                                
0000cf0c  __mspabi_divd                                                                
0000de92  __mspabi_fixdi                                                               
0000da28  __mspabi_fixdli                                                              
0000d98a  __mspabi_fixdlli                                                             
0000e078  __mspabi_fltid                                                               
0000d8e8  __mspabi_fltlid                                                              
0000e074  __mspabi_func_epilog_1                                                       
0000e072  __mspabi_func_epilog_2                                                       
0000e070  __mspabi_func_epilog_3                                                       
0000e06e  __mspabi_func_epilog_4                                                       
0000e06c  __mspabi_func_epilog_5                                                       
0000e06a  __mspabi_func_epilog_6                                                       
0000e068  __mspabi_func_epilog_7                                                       
0000ca3e  __mspabi_mpyd                                                                
0000dffe  __mspabi_mpyi                                                                
0000dffe  __mspabi_mpyi_sw                                                             
0000dee0  __mspabi_mpyl                                                                
0000dee0  __mspabi_mpyl_sw                                                             
0000de66  __mspabi_slli                                                                
0000de8e  __mspabi_slli_1                                                              
0000de7c  __mspabi_slli_10                                                             
0000de7a  __mspabi_slli_11                                                             
0000de78  __mspabi_slli_12                                                             
0000de76  __mspabi_slli_13                                                             
0000de74  __mspabi_slli_14                                                             
0000de72  __mspabi_slli_15                                                             
0000de8c  __mspabi_slli_2                                                              
0000de8a  __mspabi_slli_3                                                              
0000de88  __mspabi_slli_4                                                              
0000de86  __mspabi_slli_5                                                              
0000de84  __mspabi_slli_6                                                              
0000de82  __mspabi_slli_7                                                              
0000de80  __mspabi_slli_8                                                              
0000de7e  __mspabi_slli_9                                                              
0000e058  __mspabi_slll                                                                
0000ddd0  __mspabi_slll_1                                                              
0000ddac  __mspabi_slll_10                                                             
0000dda8  __mspabi_slll_11                                                             
0000dda4  __mspabi_slll_12                                                             
0000dda0  __mspabi_slll_13                                                             
0000dd9c  __mspabi_slll_14                                                             
0000dd98  __mspabi_slll_15                                                             
0000ddcc  __mspabi_slll_2                                                              
0000ddc8  __mspabi_slll_3                                                              
0000ddc4  __mspabi_slll_4                                                              
0000ddc0  __mspabi_slll_5                                                              
0000ddbc  __mspabi_slll_6                                                              
0000ddb8  __mspabi_slll_7                                                              
0000ddb4  __mspabi_slll_8                                                              
0000ddb0  __mspabi_slll_9                                                              
0000dcda  __mspabi_sllll                                                               
0000de3a  __mspabi_srai                                                                
0000de62  __mspabi_srai_1                                                              
0000de50  __mspabi_srai_10                                                             
0000de4e  __mspabi_srai_11                                                             
0000de4c  __mspabi_srai_12                                                             
0000de4a  __mspabi_srai_13                                                             
0000de48  __mspabi_srai_14                                                             
0000de46  __mspabi_srai_15                                                             
0000de60  __mspabi_srai_2                                                              
0000de5e  __mspabi_srai_3                                                              
0000de5c  __mspabi_srai_4                                                              
0000de5a  __mspabi_srai_5                                                              
0000de58  __mspabi_srai_6                                                              
0000de56  __mspabi_srai_7                                                              
0000de54  __mspabi_srai_8                                                              
0000de52  __mspabi_srai_9                                                              
0000e048  __mspabi_sral                                                                
0000dd92  __mspabi_sral_1                                                              
0000dd6e  __mspabi_sral_10                                                             
0000dd6a  __mspabi_sral_11                                                             
0000dd66  __mspabi_sral_12                                                             
0000dd62  __mspabi_sral_13                                                             
0000dd5e  __mspabi_sral_14                                                             
0000dd5a  __mspabi_sral_15                                                             
0000dd8e  __mspabi_sral_2                                                              
0000dd8a  __mspabi_sral_3                                                              
0000dd86  __mspabi_sral_4                                                              
0000dd82  __mspabi_sral_5                                                              
0000dd7e  __mspabi_sral_6                                                              
0000dd7a  __mspabi_sral_7                                                              
0000dd76  __mspabi_sral_8                                                              
0000dd72  __mspabi_sral_9                                                              
0000dc4e  __mspabi_srall                                                               
0000dc02  __mspabi_srli                                                                
0000dc48  __mspabi_srli_1                                                              
0000dc24  __mspabi_srli_10                                                             
0000dc20  __mspabi_srli_11                                                             
0000dc1c  __mspabi_srli_12                                                             
0000dc18  __mspabi_srli_13                                                             
0000dc14  __mspabi_srli_14                                                             
0000dc10  __mspabi_srli_15                                                             
0000dc44  __mspabi_srli_2                                                              
0000dc40  __mspabi_srli_3                                                              
0000dc3c  __mspabi_srli_4                                                              
0000dc38  __mspabi_srli_5                                                              
0000dc34  __mspabi_srli_6                                                              
0000dc30  __mspabi_srli_7                                                              
0000dc2c  __mspabi_srli_8                                                              
0000dc28  __mspabi_srli_9                                                              
0000e024  __mspabi_srll                                                                
0000db52  __mspabi_srll_1                                                              
0000db1c  __mspabi_srll_10                                                             
0000db16  __mspabi_srll_11                                                             
0000db10  __mspabi_srll_12                                                             
0000db0a  __mspabi_srll_13                                                             
0000db04  __mspabi_srll_14                                                             
0000dafe  __mspabi_srll_15                                                             
0000db4c  __mspabi_srll_2                                                              
0000db46  __mspabi_srll_3                                                              
0000db40  __mspabi_srll_4                                                              
0000db3a  __mspabi_srll_5                                                              
0000db34  __mspabi_srll_6                                                              
0000db2e  __mspabi_srll_7                                                              
0000db28  __mspabi_srll_8                                                              
0000db22  __mspabi_srll_9                                                              
0000dc96  __mspabi_srlll                                                               
0000de0c  __mspabi_subd                                                                
0000db5a  _auto_init                                                                   
0000dfa4  _c_int00_noargs_noexit                                                       
0000fffe  _reset_vector                                                                
000003b0  _stack                                                                       
0000e0b8  _system_pre_init                                                             
0000e0bc  abort                                                                        
ffffffff  binit                                                                        
0000d314  ceil                                                                         
0000d144  floor                                                                        
0000dbb2  main                                                                         
0000e036  memcpy                                                                       


GLOBAL SYMBOLS: SORTED BY Symbol Address 

address   name                                                                         
-------   ----                                                                         
00000000  IE1                                                                          
00000001  IE2                                                                          
00000002  IFG1                                                                         
00000003  IFG2                                                                         
00000010  P3REN                                                                        
00000018  P3IN                                                                         
00000019  P3OUT                                                                        
0000001a  P3DIR                                                                        
0000001b  P3SEL                                                                        
00000020  P1IN                                                                         
00000021  P1OUT                                                                        
00000022  P1DIR                                                                        
00000023  P1IFG                                                                        
00000024  P1IES                                                                        
00000025  P1IE                                                                         
00000026  P1SEL                                                                        
00000027  P1REN                                                                        
00000028  P2IN                                                                         
00000029  P2OUT                                                                        
0000002a  P2DIR                                                                        
0000002b  P2IFG                                                                        
0000002c  P2IES                                                                        
0000002d  P2IE                                                                         
0000002e  P2SEL                                                                        
0000002f  P2REN                                                                        
00000041  P1SEL2                                                                       
00000042  P2SEL2                                                                       
00000043  P3SEL2                                                                       
00000048  ADC10DTC0                                                                    
00000049  ADC10DTC1                                                                    
0000004a  ADC10AE0                                                                     
00000050  __STACK_SIZE                                                                 
00000053  BCSCTL3                                                                      
00000056  DCOCTL                                                                       
00000057  BCSCTL1                                                                      
00000058  BCSCTL2                                                                      
00000059  CACTL1                                                                       
0000005a  CACTL2                                                                       
0000005b  CAPD                                                                         
0000005d  UCA0ABCTL                                                                    
0000005e  UCA0IRTCTL                                                                   
0000005f  UCA0IRRCTL                                                                   
00000060  UCA0CTL0                                                                     
00000061  UCA0CTL1                                                                     
00000062  UCA0BR0                                                                      
00000063  UCA0BR1                                                                      
00000064  UCA0MCTL                                                                     
00000065  UCA0STAT                                                                     
00000066  UCA0RXBUF                                                                    
00000067  UCA0TXBUF                                                                    
00000068  UCB0CTL0                                                                     
00000069  UCB0CTL1                                                                     
0000006a  UCB0BR0                                                                      
0000006b  UCB0BR1                                                                      
0000006c  UCB0I2CIE                                                                    
0000006d  UCB0STAT                                                                     
0000006e  UCB0RXBUF                                                                    
0000006f  UCB0TXBUF                                                                    
00000118  UCB0I2COA                                                                    
0000011a  UCB0I2CSA                                                                    
0000011e  TA1IV                                                                        
00000120  WDTCTL                                                                       
00000128  FCTL1                                                                        
0000012a  FCTL2                                                                        
0000012c  FCTL3                                                                        
0000012e  TA0IV                                                                        
00000160  TA0CTL                                                                       
00000162  TA0CCTL0                                                                     
00000164  TA0CCTL1                                                                     
00000166  TA0CCTL2                                                                     
00000170  TA0R                                                                         
00000172  TA0CCR0                                                                      
00000174  TA0CCR1                                                                      
00000176  TA0CCR2                                                                      
00000180  TA1CTL                                                                       
00000182  TA1CCTL0                                                                     
00000184  TA1CCTL1                                                                     
00000186  TA1CCTL2                                                                     
00000190  TA1R                                                                         
00000192  TA1CCR0                                                                      
00000194  TA1CCR1                                                                      
00000196  TA1CCR2                                                                      
000001b0  ADC10CTL0                                                                    
000001b2  ADC10CTL1                                                                    
000001b4  ADC10MEM                                                                     
000001bc  ADC10SA                                                                      
00000200  _ZN24Si570RegisterTransmitter15transmit_state_E                              
00000202  _ZN24Si570RegisterTransmitter18transmit_register_E                           
00000203  _ZN24Si570RegisterTransmitter15transmit_value_E                              
000003b0  _stack                                                                       
00000400  __STACK_END                                                                  
000010c0  TLV_CHECKSUM                                                                 
000010da  TLV_ADC10_1_TAG                                                              
000010db  TLV_ADC10_1_LEN                                                              
000010f6  TLV_DCO_30_TAG                                                               
000010f7  TLV_DCO_30_LEN                                                               
000010f8  CALDCO_16MHZ                                                                 
000010f9  CALBC1_16MHZ                                                                 
000010fa  CALDCO_12MHZ                                                                 
000010fb  CALBC1_12MHZ                                                                 
000010fc  CALDCO_8MHZ                                                                  
000010fd  CALBC1_8MHZ                                                                  
000010fe  CALDCO_1MHZ                                                                  
000010ff  CALBC1_1MHZ                                                                  
0000c000  __TI_frcdivd                                                                 
0000c462  __TI_frcmpyd                                                                 
0000c756  __mspabi_addd                                                                
0000ca3e  __mspabi_mpyd                                                                
0000ccac  __TI_frcaddd                                                                 
0000cf0c  __mspabi_divd                                                                
0000d144  floor                                                                        
0000d314  ceil                                                                         
0000d4d2  _ZN23Si570RegisterCalculator15UpdateFrequencyEd                              
0000d660  _ZN15Si570Controller6UpdateEd                                                
0000d74e  __mspabi_cmpd                                                                
0000d82a  __TI_renormd                                                                 
0000d8e8  __mspabi_fltlid                                                              
0000d98a  __mspabi_fixdlli                                                             
0000da28  __mspabi_fixdli                                                              
0000dafe  __mspabi_srll_15                                                             
0000db04  __mspabi_srll_14                                                             
0000db0a  __mspabi_srll_13                                                             
0000db10  __mspabi_srll_12                                                             
0000db16  __mspabi_srll_11                                                             
0000db1c  __mspabi_srll_10                                                             
0000db22  __mspabi_srll_9                                                              
0000db28  __mspabi_srll_8                                                              
0000db2e  __mspabi_srll_7                                                              
0000db34  __mspabi_srll_6                                                              
0000db3a  __mspabi_srll_5                                                              
0000db40  __mspabi_srll_4                                                              
0000db46  __mspabi_srll_3                                                              
0000db4c  __mspabi_srll_2                                                              
0000db52  __mspabi_srll_1                                                              
0000db5a  _auto_init                                                                   
0000dbb2  main                                                                         
0000dc02  __mspabi_srli                                                                
0000dc10  __mspabi_srli_15                                                             
0000dc14  __mspabi_srli_14                                                             
0000dc18  __mspabi_srli_13                                                             
0000dc1c  __mspabi_srli_12                                                             
0000dc20  __mspabi_srli_11                                                             
0000dc24  __mspabi_srli_10                                                             
0000dc28  __mspabi_srli_9                                                              
0000dc2c  __mspabi_srli_8                                                              
0000dc30  __mspabi_srli_7                                                              
0000dc34  __mspabi_srli_6                                                              
0000dc38  __mspabi_srli_5                                                              
0000dc3c  __mspabi_srli_4                                                              
0000dc40  __mspabi_srli_3                                                              
0000dc44  __mspabi_srli_2                                                              
0000dc48  __mspabi_srli_1                                                              
0000dc4e  __mspabi_srall                                                               
0000dc96  __mspabi_srlll                                                               
0000dcda  __mspabi_sllll                                                               
0000dd1c  _ZN15Si570ControllerC1EP23Si570RegisterCalculatorP24Si570RegisterTransmitterd
0000dd1c  _ZN15Si570ControllerC2EP23Si570RegisterCalculatorP24Si570RegisterTransmitterd
0000dd5a  __mspabi_sral_15                                                             
0000dd5e  __mspabi_sral_14                                                             
0000dd62  __mspabi_sral_13                                                             
0000dd66  __mspabi_sral_12                                                             
0000dd6a  __mspabi_sral_11                                                             
0000dd6e  __mspabi_sral_10                                                             
0000dd72  __mspabi_sral_9                                                              
0000dd76  __mspabi_sral_8                                                              
0000dd7a  __mspabi_sral_7                                                              
0000dd7e  __mspabi_sral_6                                                              
0000dd82  __mspabi_sral_5                                                              
0000dd86  __mspabi_sral_4                                                              
0000dd8a  __mspabi_sral_3                                                              
0000dd8e  __mspabi_sral_2                                                              
0000dd92  __mspabi_sral_1                                                              
0000dd98  __mspabi_slll_15                                                             
0000dd9c  __mspabi_slll_14                                                             
0000dda0  __mspabi_slll_13                                                             
0000dda4  __mspabi_slll_12                                                             
0000dda8  __mspabi_slll_11                                                             
0000ddac  __mspabi_slll_10                                                             
0000ddb0  __mspabi_slll_9                                                              
0000ddb4  __mspabi_slll_8                                                              
0000ddb8  __mspabi_slll_7                                                              
0000ddbc  __mspabi_slll_6                                                              
0000ddc0  __mspabi_slll_5                                                              
0000ddc4  __mspabi_slll_4                                                              
0000ddc8  __mspabi_slll_3                                                              
0000ddcc  __mspabi_slll_2                                                              
0000ddd0  __mspabi_slll_1                                                              
0000ddd6  _ZN24Si570RegisterTransmitterC1Eh                                            
0000ddd6  _ZN24Si570RegisterTransmitterC2Eh                                            
0000de0c  __mspabi_subd                                                                
0000de3a  __mspabi_srai                                                                
0000de46  __mspabi_srai_15                                                             
0000de48  __mspabi_srai_14                                                             
0000de4a  __mspabi_srai_13                                                             
0000de4c  __mspabi_srai_12                                                             
0000de4e  __mspabi_srai_11                                                             
0000de50  __mspabi_srai_10                                                             
0000de52  __mspabi_srai_9                                                              
0000de54  __mspabi_srai_8                                                              
0000de56  __mspabi_srai_7                                                              
0000de58  __mspabi_srai_6                                                              
0000de5a  __mspabi_srai_5                                                              
0000de5c  __mspabi_srai_4                                                              
0000de5e  __mspabi_srai_3                                                              
0000de60  __mspabi_srai_2                                                              
0000de62  __mspabi_srai_1                                                              
0000de66  __mspabi_slli                                                                
0000de72  __mspabi_slli_15                                                             
0000de74  __mspabi_slli_14                                                             
0000de76  __mspabi_slli_13                                                             
0000de78  __mspabi_slli_12                                                             
0000de7a  __mspabi_slli_11                                                             
0000de7c  __mspabi_slli_10                                                             
0000de7e  __mspabi_slli_9                                                              
0000de80  __mspabi_slli_8                                                              
0000de82  __mspabi_slli_7                                                              
0000de84  __mspabi_slli_6                                                              
0000de86  __mspabi_slli_5                                                              
0000de88  __mspabi_slli_4                                                              
0000de8a  __mspabi_slli_3                                                              
0000de8c  __mspabi_slli_2                                                              
0000de8e  __mspabi_slli_1                                                              
0000de92  __mspabi_fixdi                                                               
0000deba  _ZN13LCDController12EncoderSetupEv                                           
0000dee0  __mspabi_mpyl                                                                
0000dee0  __mspabi_mpyl_sw                                                             
0000df06  _ZN23Si570RegisterCalculator8get_reg8Ev                                      
0000df28  _ZN23Si570RegisterCalculator8get_reg9Ev                                      
0000df4a  _ZN23Si570RegisterCalculator9get_reg11Ev                                     
0000df6a  _ZN24Si570RegisterTransmitter16TransmitRegisterEhh                           
0000df88  _ZN23Si570RegisterCalculator8get_reg7Ev                                      
0000dfa4  _c_int00_noargs_noexit                                                       
0000dfbe  _ZN13LCDController11SendCommandEh                                            
0000dfd4  _ZN13LCDController7LCDInitEv                                                 
0000dfea  _ZN13Configuration15ConfigureClocksEv                                        
0000dffe  __mspabi_mpyi                                                                
0000dffe  __mspabi_mpyi_sw                                                             
0000e012  __TI_decompress_none                                                         
0000e024  __mspabi_srll                                                                
0000e036  memcpy                                                                       
0000e048  __mspabi_sral                                                                
0000e058  __mspabi_slll                                                                
0000e068  __mspabi_func_epilog_7                                                       
0000e06a  __mspabi_func_epilog_6                                                       
0000e06c  __mspabi_func_epilog_5                                                       
0000e06e  __mspabi_func_epilog_4                                                       
0000e070  __mspabi_func_epilog_3                                                       
0000e072  __mspabi_func_epilog_2                                                       
0000e074  __mspabi_func_epilog_1                                                       
0000e078  __mspabi_fltid                                                               
0000e084  _ZN13LCDController11UnusedPortsEv                                            
0000e08e  _ZN13LCDController12EnableNybbleEv                                           
0000e098  _ZN13Configuration4InitEv                                                    
0000e0a0  _ZN23Si570RegisterCalculator9get_reg10Ev                                     
0000e0a6  _ZN23Si570RegisterCalculator9get_reg12Ev                                     
0000e0ac  __TI_ISR_TRAP                                                                
0000e0b2  __TI_decompress_rle24                                                        
0000e0b8  _system_pre_init                                                             
0000e0bc  C$$EXIT                                                                      
0000e0bc  abort                                                                        
0000e0c0  _ZN23Si570RegisterCalculator10kHsDivValsE                                    
0000e0d4  __TI_Handler_Table_Base                                                      
0000e0d8  __TI_CINIT_Base                                                              
0000e0d8  __TI_Handler_Table_Limit                                                     
0000e0dc  __TI_CINIT_Limit                                                             
0000ffe0  __TI_int00                                                                   
0000ffe4  __TI_int02                                                                   
0000ffe6  __TI_int03                                                                   
0000ffea  __TI_int05                                                                   
0000ffec  __TI_int06                                                                   
0000ffee  __TI_int07                                                                   
0000fff0  __TI_int08                                                                   
0000fff2  __TI_int09                                                                   
0000fff4  __TI_int10                                                                   
0000fff6  __TI_int11                                                                   
0000fff8  __TI_int12                                                                   
0000fffa  __TI_int13                                                                   
0000fffc  __TI_int14                                                                   
0000fffe  _reset_vector                                                                
ffffffff  __binit__                                                                    
ffffffff  __c_args__                                                                   
ffffffff  binit                                                                        
UNDEFED   __TI_INITARRAY_Base                                                          
UNDEFED   __TI_INITARRAY_Limit                                                         

[284 symbols]
