<?xml version="1.0"?>
<link_info>
   <banner>MSP430 Linker PC v4.4.8</banner>
   <copyright>Copyright (c) 2003-2015 Texas Instruments Incorporated</copyright>
   <link_time>0x58dd4c90</link_time>
   <link_errors>0x0</link_errors>
   <output_file>RF_SOURCE.out</output_file>
   <entry_point>
      <name>_c_int00_noargs_noexit</name>
      <address>0xdfa4</address>
   </entry_point>
   <input_file_list>
      <input_file id="fl-2">
         <path>.\</path>
         <kind>object</kind>
         <file>configuration.obj</file>
         <name>configuration.obj</name>
      </input_file>
      <input_file id="fl-3">
         <path>.\</path>
         <kind>object</kind>
         <file>lcd-controller.obj</file>
         <name>lcd-controller.obj</name>
      </input_file>
      <input_file id="fl-4">
         <path>.\</path>
         <kind>object</kind>
         <file>main.obj</file>
         <name>main.obj</name>
      </input_file>
      <input_file id="fl-5">
         <path>.\</path>
         <kind>object</kind>
         <file>si570-controller.obj</file>
         <name>si570-controller.obj</name>
      </input_file>
      <input_file id="fl-6">
         <path>.\</path>
         <kind>object</kind>
         <file>si570-register-calculator.obj</file>
         <name>si570-register-calculator.obj</name>
      </input_file>
      <input_file id="fl-7">
         <path>.\</path>
         <kind>object</kind>
         <file>si570-register-transmitter.obj</file>
         <name>si570-register-transmitter.obj</name>
      </input_file>
      <input_file id="fl-36">
         <path>C:\ti\ccsv6\tools\compiler\ti-cgt-msp430_4.4.8\lib\</path>
         <kind>archive</kind>
         <file>rts430_eabi.lib</file>
         <name>asr64.obj</name>
      </input_file>
      <input_file id="fl-37">
         <path>C:\ti\ccsv6\tools\compiler\ti-cgt-msp430_4.4.8\lib\</path>
         <kind>archive</kind>
         <file>rts430_eabi.lib</file>
         <name>boot.obj</name>
      </input_file>
      <input_file id="fl-38">
         <path>C:\ti\ccsv6\tools\compiler\ti-cgt-msp430_4.4.8\lib\</path>
         <kind>archive</kind>
         <file>rts430_eabi.lib</file>
         <name>boot_special.obj</name>
      </input_file>
      <input_file id="fl-39">
         <path>C:\ti\ccsv6\tools\compiler\ti-cgt-msp430_4.4.8\lib\</path>
         <kind>archive</kind>
         <file>rts430_eabi.lib</file>
         <name>ceil.obj</name>
      </input_file>
      <input_file id="fl-3a">
         <path>C:\ti\ccsv6\tools\compiler\ti-cgt-msp430_4.4.8\lib\</path>
         <kind>archive</kind>
         <file>rts430_eabi.lib</file>
         <name>cmpd.obj</name>
      </input_file>
      <input_file id="fl-3b">
         <path>C:\ti\ccsv6\tools\compiler\ti-cgt-msp430_4.4.8\lib\</path>
         <kind>archive</kind>
         <file>rts430_eabi.lib</file>
         <name>copy_decompress_none.obj</name>
      </input_file>
      <input_file id="fl-3c">
         <path>C:\ti\ccsv6\tools\compiler\ti-cgt-msp430_4.4.8\lib\</path>
         <kind>archive</kind>
         <file>rts430_eabi.lib</file>
         <name>copy_decompress_rle.obj</name>
      </input_file>
      <input_file id="fl-3d">
         <path>C:\ti\ccsv6\tools\compiler\ti-cgt-msp430_4.4.8\lib\</path>
         <kind>archive</kind>
         <file>rts430_eabi.lib</file>
         <name>copy_zero_init.obj</name>
      </input_file>
      <input_file id="fl-3e">
         <path>C:\ti\ccsv6\tools\compiler\ti-cgt-msp430_4.4.8\lib\</path>
         <kind>archive</kind>
         <file>rts430_eabi.lib</file>
         <name>divd.obj</name>
      </input_file>
      <input_file id="fl-3f">
         <path>C:\ti\ccsv6\tools\compiler\ti-cgt-msp430_4.4.8\lib\</path>
         <kind>archive</kind>
         <file>rts430_eabi.lib</file>
         <name>epilog.obj</name>
      </input_file>
      <input_file id="fl-40">
         <path>C:\ti\ccsv6\tools\compiler\ti-cgt-msp430_4.4.8\lib\</path>
         <kind>archive</kind>
         <file>rts430_eabi.lib</file>
         <name>exit.obj</name>
      </input_file>
      <input_file id="fl-41">
         <path>C:\ti\ccsv6\tools\compiler\ti-cgt-msp430_4.4.8\lib\</path>
         <kind>archive</kind>
         <file>rts430_eabi.lib</file>
         <name>exit_gvars.obj</name>
      </input_file>
      <input_file id="fl-42">
         <path>C:\ti\ccsv6\tools\compiler\ti-cgt-msp430_4.4.8\lib\</path>
         <kind>archive</kind>
         <file>rts430_eabi.lib</file>
         <name>fixdi.obj</name>
      </input_file>
      <input_file id="fl-43">
         <path>C:\ti\ccsv6\tools\compiler\ti-cgt-msp430_4.4.8\lib\</path>
         <kind>archive</kind>
         <file>rts430_eabi.lib</file>
         <name>fixdli.obj</name>
      </input_file>
      <input_file id="fl-44">
         <path>C:\ti\ccsv6\tools\compiler\ti-cgt-msp430_4.4.8\lib\</path>
         <kind>archive</kind>
         <file>rts430_eabi.lib</file>
         <name>fixdlli.obj</name>
      </input_file>
      <input_file id="fl-45">
         <path>C:\ti\ccsv6\tools\compiler\ti-cgt-msp430_4.4.8\lib\</path>
         <kind>archive</kind>
         <file>rts430_eabi.lib</file>
         <name>floor.obj</name>
      </input_file>
      <input_file id="fl-46">
         <path>C:\ti\ccsv6\tools\compiler\ti-cgt-msp430_4.4.8\lib\</path>
         <kind>archive</kind>
         <file>rts430_eabi.lib</file>
         <name>fltid.obj</name>
      </input_file>
      <input_file id="fl-47">
         <path>C:\ti\ccsv6\tools\compiler\ti-cgt-msp430_4.4.8\lib\</path>
         <kind>archive</kind>
         <file>rts430_eabi.lib</file>
         <name>fltlid.obj</name>
      </input_file>
      <input_file id="fl-48">
         <path>C:\ti\ccsv6\tools\compiler\ti-cgt-msp430_4.4.8\lib\</path>
         <kind>archive</kind>
         <file>rts430_eabi.lib</file>
         <name>frcdivd.obj</name>
      </input_file>
      <input_file id="fl-49">
         <path>C:\ti\ccsv6\tools\compiler\ti-cgt-msp430_4.4.8\lib\</path>
         <kind>archive</kind>
         <file>rts430_eabi.lib</file>
         <name>int00.obj</name>
      </input_file>
      <input_file id="fl-4a">
         <path>C:\ti\ccsv6\tools\compiler\ti-cgt-msp430_4.4.8\lib\</path>
         <kind>archive</kind>
         <file>rts430_eabi.lib</file>
         <name>int02.obj</name>
      </input_file>
      <input_file id="fl-4b">
         <path>C:\ti\ccsv6\tools\compiler\ti-cgt-msp430_4.4.8\lib\</path>
         <kind>archive</kind>
         <file>rts430_eabi.lib</file>
         <name>int03.obj</name>
      </input_file>
      <input_file id="fl-4c">
         <path>C:\ti\ccsv6\tools\compiler\ti-cgt-msp430_4.4.8\lib\</path>
         <kind>archive</kind>
         <file>rts430_eabi.lib</file>
         <name>int05.obj</name>
      </input_file>
      <input_file id="fl-4d">
         <path>C:\ti\ccsv6\tools\compiler\ti-cgt-msp430_4.4.8\lib\</path>
         <kind>archive</kind>
         <file>rts430_eabi.lib</file>
         <name>int06.obj</name>
      </input_file>
      <input_file id="fl-4e">
         <path>C:\ti\ccsv6\tools\compiler\ti-cgt-msp430_4.4.8\lib\</path>
         <kind>archive</kind>
         <file>rts430_eabi.lib</file>
         <name>int07.obj</name>
      </input_file>
      <input_file id="fl-4f">
         <path>C:\ti\ccsv6\tools\compiler\ti-cgt-msp430_4.4.8\lib\</path>
         <kind>archive</kind>
         <file>rts430_eabi.lib</file>
         <name>int08.obj</name>
      </input_file>
      <input_file id="fl-50">
         <path>C:\ti\ccsv6\tools\compiler\ti-cgt-msp430_4.4.8\lib\</path>
         <kind>archive</kind>
         <file>rts430_eabi.lib</file>
         <name>int09.obj</name>
      </input_file>
      <input_file id="fl-51">
         <path>C:\ti\ccsv6\tools\compiler\ti-cgt-msp430_4.4.8\lib\</path>
         <kind>archive</kind>
         <file>rts430_eabi.lib</file>
         <name>int10.obj</name>
      </input_file>
      <input_file id="fl-52">
         <path>C:\ti\ccsv6\tools\compiler\ti-cgt-msp430_4.4.8\lib\</path>
         <kind>archive</kind>
         <file>rts430_eabi.lib</file>
         <name>int11.obj</name>
      </input_file>
      <input_file id="fl-53">
         <path>C:\ti\ccsv6\tools\compiler\ti-cgt-msp430_4.4.8\lib\</path>
         <kind>archive</kind>
         <file>rts430_eabi.lib</file>
         <name>int12.obj</name>
      </input_file>
      <input_file id="fl-54">
         <path>C:\ti\ccsv6\tools\compiler\ti-cgt-msp430_4.4.8\lib\</path>
         <kind>archive</kind>
         <file>rts430_eabi.lib</file>
         <name>int13.obj</name>
      </input_file>
      <input_file id="fl-55">
         <path>C:\ti\ccsv6\tools\compiler\ti-cgt-msp430_4.4.8\lib\</path>
         <kind>archive</kind>
         <file>rts430_eabi.lib</file>
         <name>int14.obj</name>
      </input_file>
      <input_file id="fl-56">
         <path>C:\ti\ccsv6\tools\compiler\ti-cgt-msp430_4.4.8\lib\</path>
         <kind>archive</kind>
         <file>rts430_eabi.lib</file>
         <name>isr_trap.obj</name>
      </input_file>
      <input_file id="fl-57">
         <path>C:\ti\ccsv6\tools\compiler\ti-cgt-msp430_4.4.8\lib\</path>
         <kind>archive</kind>
         <file>rts430_eabi.lib</file>
         <name>lsl16.obj</name>
      </input_file>
      <input_file id="fl-58">
         <path>C:\ti\ccsv6\tools\compiler\ti-cgt-msp430_4.4.8\lib\</path>
         <kind>archive</kind>
         <file>rts430_eabi.lib</file>
         <name>lsl32.obj</name>
      </input_file>
      <input_file id="fl-59">
         <path>C:\ti\ccsv6\tools\compiler\ti-cgt-msp430_4.4.8\lib\</path>
         <kind>archive</kind>
         <file>rts430_eabi.lib</file>
         <name>lsl64.obj</name>
      </input_file>
      <input_file id="fl-5a">
         <path>C:\ti\ccsv6\tools\compiler\ti-cgt-msp430_4.4.8\lib\</path>
         <kind>archive</kind>
         <file>rts430_eabi.lib</file>
         <name>lsr16.obj</name>
      </input_file>
      <input_file id="fl-5b">
         <path>C:\ti\ccsv6\tools\compiler\ti-cgt-msp430_4.4.8\lib\</path>
         <kind>archive</kind>
         <file>rts430_eabi.lib</file>
         <name>lsr32.obj</name>
      </input_file>
      <input_file id="fl-5c">
         <path>C:\ti\ccsv6\tools\compiler\ti-cgt-msp430_4.4.8\lib\</path>
         <kind>archive</kind>
         <file>rts430_eabi.lib</file>
         <name>lsr64.obj</name>
      </input_file>
      <input_file id="fl-5d">
         <path>C:\ti\ccsv6\tools\compiler\ti-cgt-msp430_4.4.8\lib\</path>
         <kind>archive</kind>
         <file>rts430_eabi.lib</file>
         <name>memcpy.obj</name>
      </input_file>
      <input_file id="fl-5e">
         <path>C:\ti\ccsv6\tools\compiler\ti-cgt-msp430_4.4.8\lib\</path>
         <kind>archive</kind>
         <file>rts430_eabi.lib</file>
         <name>mpu_init.obj</name>
      </input_file>
      <input_file id="fl-5f">
         <path>C:\ti\ccsv6\tools\compiler\ti-cgt-msp430_4.4.8\lib\</path>
         <kind>archive</kind>
         <file>rts430_eabi.lib</file>
         <name>mpyd.obj</name>
      </input_file>
      <input_file id="fl-60">
         <path>C:\ti\ccsv6\tools\compiler\ti-cgt-msp430_4.4.8\lib\</path>
         <kind>archive</kind>
         <file>rts430_eabi.lib</file>
         <name>mult16.obj</name>
      </input_file>
      <input_file id="fl-61">
         <path>C:\ti\ccsv6\tools\compiler\ti-cgt-msp430_4.4.8\lib\</path>
         <kind>archive</kind>
         <file>rts430_eabi.lib</file>
         <name>mult32.obj</name>
      </input_file>
      <input_file id="fl-62">
         <path>C:\ti\ccsv6\tools\compiler\ti-cgt-msp430_4.4.8\lib\</path>
         <kind>archive</kind>
         <file>rts430_eabi.lib</file>
         <name>pre_init.obj</name>
      </input_file>
      <input_file id="fl-63">
         <path>C:\ti\ccsv6\tools\compiler\ti-cgt-msp430_4.4.8\lib\</path>
         <kind>archive</kind>
         <file>rts430_eabi.lib</file>
         <name>subd.obj</name>
      </input_file>
      <input_file id="fl-64">
         <path>C:\ti\ccsv6\tools\compiler\ti-cgt-msp430_4.4.8\lib\</path>
         <kind>archive</kind>
         <file>rts430_eabi.lib</file>
         <name>_lock.obj</name>
      </input_file>
      <input_file id="fl-65">
         <path>C:\ti\ccsv6\tools\compiler\ti-cgt-msp430_4.4.8\lib\</path>
         <kind>archive</kind>
         <file>rts430_eabi.lib</file>
         <name>addd.obj</name>
      </input_file>
      <input_file id="fl-66">
         <path>C:\ti\ccsv6\tools\compiler\ti-cgt-msp430_4.4.8\lib\</path>
         <kind>archive</kind>
         <file>rts430_eabi.lib</file>
         <name>args_main.obj</name>
      </input_file>
      <input_file id="fl-67">
         <path>C:\ti\ccsv6\tools\compiler\ti-cgt-msp430_4.4.8\lib\</path>
         <kind>archive</kind>
         <file>rts430_eabi.lib</file>
         <name>asr16.obj</name>
      </input_file>
      <input_file id="fl-68">
         <path>C:\ti\ccsv6\tools\compiler\ti-cgt-msp430_4.4.8\lib\</path>
         <kind>archive</kind>
         <file>rts430_eabi.lib</file>
         <name>asr32.obj</name>
      </input_file>
      <input_file id="fl-69">
         <path>C:\ti\ccsv6\tools\compiler\ti-cgt-msp430_4.4.8\lib\</path>
         <kind>archive</kind>
         <file>rts430_eabi.lib</file>
         <name>autoinit.obj</name>
      </input_file>
      <input_file id="fl-6a">
         <path>C:\ti\ccsv6\tools\compiler\ti-cgt-msp430_4.4.8\lib\</path>
         <kind>archive</kind>
         <file>rts430_eabi.lib</file>
         <name>frcaddd.obj</name>
      </input_file>
      <input_file id="fl-6b">
         <path>C:\ti\ccsv6\tools\compiler\ti-cgt-msp430_4.4.8\lib\</path>
         <kind>archive</kind>
         <file>rts430_eabi.lib</file>
         <name>frcmpyd.obj</name>
      </input_file>
      <input_file id="fl-6c">
         <path>C:\ti\ccsv6\tools\compiler\ti-cgt-msp430_4.4.8\lib\</path>
         <kind>archive</kind>
         <file>rts430_eabi.lib</file>
         <name>renormd.obj</name>
      </input_file>
   </input_file_list>
   <object_component_list>
      <object_component id="oc-8e">
         <name>.stack</name>
         <uninitialized>true</uninitialized>
         <run_address>0x3b0</run_address>
         <size>0x2</size>
         <input_file_ref idref="fl-37"/>
      </object_component>
      <object_component id="oc-342">
         <name>.stack</name>
         <uninitialized>true</uninitialized>
         <run_address>0x3b0</run_address>
         <size>0x0</size>
      </object_component>
      <object_component id="oc-246">
         <name>.text:__TI_frcdivd</name>
         <load_address>0xc000</load_address>
         <run_address>0xc000</run_address>
         <size>0x462</size>
         <input_file_ref idref="fl-48"/>
      </object_component>
      <object_component id="oc-28a">
         <name>.text:__TI_frcmpyd</name>
         <load_address>0xc462</load_address>
         <run_address>0xc462</run_address>
         <size>0x2f4</size>
         <input_file_ref idref="fl-6b"/>
      </object_component>
      <object_component id="oc-265">
         <name>.text:__mspabi_addd</name>
         <load_address>0xc756</load_address>
         <run_address>0xc756</run_address>
         <size>0x2e8</size>
         <input_file_ref idref="fl-65"/>
      </object_component>
      <object_component id="oc-210">
         <name>.text:__mspabi_mpyd</name>
         <load_address>0xca3e</load_address>
         <run_address>0xca3e</run_address>
         <size>0x26e</size>
         <input_file_ref idref="fl-5f"/>
      </object_component>
      <object_component id="oc-2c1">
         <name>.text:__TI_frcaddd</name>
         <load_address>0xccac</load_address>
         <run_address>0xccac</run_address>
         <size>0x260</size>
         <input_file_ref idref="fl-6a"/>
      </object_component>
      <object_component id="oc-1ef">
         <name>.text:__mspabi_divd</name>
         <load_address>0xcf0c</load_address>
         <run_address>0xcf0c</run_address>
         <size>0x238</size>
         <input_file_ref idref="fl-3e"/>
      </object_component>
      <object_component id="oc-201">
         <name>.text:floor</name>
         <load_address>0xd144</load_address>
         <run_address>0xd144</run_address>
         <size>0x1d0</size>
         <input_file_ref idref="fl-45"/>
      </object_component>
      <object_component id="oc-1f5">
         <name>.text:ceil</name>
         <load_address>0xd314</load_address>
         <run_address>0xd314</run_address>
         <size>0x1be</size>
         <input_file_ref idref="fl-39"/>
      </object_component>
      <object_component id="oc-1af">
         <name>.text:_ZN23Si570RegisterCalculator15UpdateFrequencyEd</name>
         <load_address>0xd4d2</load_address>
         <run_address>0xd4d2</run_address>
         <size>0x18e</size>
         <input_file_ref idref="fl-6"/>
      </object_component>
      <object_component id="oc-18c">
         <name>.text:_ZN15Si570Controller6UpdateEd</name>
         <load_address>0xd660</load_address>
         <run_address>0xd660</run_address>
         <size>0xee</size>
         <input_file_ref idref="fl-5"/>
      </object_component>
      <object_component id="oc-25f">
         <name>.text:__mspabi_cmpd</name>
         <load_address>0xd74e</load_address>
         <run_address>0xd74e</run_address>
         <size>0xdc</size>
         <input_file_ref idref="fl-3a"/>
      </object_component>
      <object_component id="oc-2f2">
         <name>.text:__TI_renormd</name>
         <load_address>0xd82a</load_address>
         <run_address>0xd82a</run_address>
         <size>0xbe</size>
         <input_file_ref idref="fl-6c"/>
      </object_component>
      <object_component id="oc-27e">
         <name>.text:__mspabi_fltlid</name>
         <load_address>0xd8e8</load_address>
         <run_address>0xd8e8</run_address>
         <size>0xa2</size>
         <input_file_ref idref="fl-47"/>
      </object_component>
      <object_component id="oc-21b">
         <name>.text:__mspabi_fixdlli</name>
         <load_address>0xd98a</load_address>
         <run_address>0xd98a</run_address>
         <size>0x9e</size>
         <input_file_ref idref="fl-44"/>
      </object_component>
      <object_component id="oc-26d">
         <name>.text:__mspabi_fixdli</name>
         <load_address>0xda28</load_address>
         <run_address>0xda28</run_address>
         <size>0x72</size>
         <input_file_ref idref="fl-43"/>
      </object_component>
      <object_component id="oc-9f">
         <name>.text:__TI_decompress_rle_core</name>
         <load_address>0xda9a</load_address>
         <run_address>0xda9a</run_address>
         <size>0x64</size>
         <input_file_ref idref="fl-3c"/>
      </object_component>
      <object_component id="oc-2a6">
         <name>.text:l_lsr_const</name>
         <load_address>0xdafe</load_address>
         <run_address>0xdafe</run_address>
         <size>0x5c</size>
         <input_file_ref idref="fl-5b"/>
      </object_component>
      <object_component id="oc-be">
         <name>.text:_auto_init</name>
         <load_address>0xdb5a</load_address>
         <run_address>0xdb5a</run_address>
         <size>0x58</size>
         <input_file_ref idref="fl-69"/>
      </object_component>
      <object_component id="oc-d8">
         <name>.text:main</name>
         <load_address>0xdbb2</load_address>
         <run_address>0xdbb2</run_address>
         <size>0x50</size>
         <input_file_ref idref="fl-4"/>
      </object_component>
      <object_component id="oc-241">
         <name>.text</name>
         <load_address>0xdc02</load_address>
         <run_address>0xdc02</run_address>
         <size>0x4c</size>
         <input_file_ref idref="fl-5a"/>
      </object_component>
      <object_component id="oc-22b">
         <name>.text:__mspabi_srall</name>
         <load_address>0xdc4e</load_address>
         <run_address>0xdc4e</run_address>
         <size>0x48</size>
         <input_file_ref idref="fl-36"/>
      </object_component>
      <object_component id="oc-253">
         <name>.text:__mspabi_srlll</name>
         <load_address>0xdc96</load_address>
         <run_address>0xdc96</run_address>
         <size>0x44</size>
         <input_file_ref idref="fl-5c"/>
      </object_component>
      <object_component id="oc-259">
         <name>.text:__mspabi_sllll</name>
         <load_address>0xdcda</load_address>
         <run_address>0xdcda</run_address>
         <size>0x42</size>
         <input_file_ref idref="fl-59"/>
      </object_component>
      <object_component id="oc-12c">
         <name>.text:_ZN15Si570ControllerC1EP23Si570RegisterCalculatorP24Si570RegisterTransmitterd</name>
         <load_address>0xdd1c</load_address>
         <run_address>0xdd1c</run_address>
         <size>0x3e</size>
         <input_file_ref idref="fl-5"/>
      </object_component>
      <object_component id="oc-2b0">
         <name>.text:l_asr_const</name>
         <load_address>0xdd5a</load_address>
         <run_address>0xdd5a</run_address>
         <size>0x3e</size>
         <input_file_ref idref="fl-68"/>
      </object_component>
      <object_component id="oc-2b5">
         <name>.text:l_lsl_const</name>
         <load_address>0xdd98</load_address>
         <run_address>0xdd98</run_address>
         <size>0x3e</size>
         <input_file_ref idref="fl-58"/>
      </object_component>
      <object_component id="oc-126">
         <name>.text:_ZN24Si570RegisterTransmitterC1Eh</name>
         <load_address>0xddd6</load_address>
         <run_address>0xddd6</run_address>
         <size>0x36</size>
         <input_file_ref idref="fl-7"/>
      </object_component>
      <object_component id="oc-274">
         <name>.text:__mspabi_subd</name>
         <load_address>0xde0c</load_address>
         <run_address>0xde0c</run_address>
         <size>0x2e</size>
         <input_file_ref idref="fl-63"/>
      </object_component>
      <object_component id="oc-285">
         <name>.text</name>
         <load_address>0xde3a</load_address>
         <run_address>0xde3a</run_address>
         <size>0x2c</size>
         <input_file_ref idref="fl-67"/>
      </object_component>
      <object_component id="oc-224">
         <name>.text</name>
         <load_address>0xde66</load_address>
         <run_address>0xde66</run_address>
         <size>0x2c</size>
         <input_file_ref idref="fl-57"/>
      </object_component>
      <object_component id="oc-1fb">
         <name>.text:__mspabi_fixdi</name>
         <load_address>0xde92</load_address>
         <run_address>0xde92</run_address>
         <size>0x28</size>
         <input_file_ref idref="fl-42"/>
      </object_component>
      <object_component id="oc-13e">
         <name>.text:_ZN13LCDController12EncoderSetupEv</name>
         <load_address>0xdeba</load_address>
         <run_address>0xdeba</run_address>
         <size>0x26</size>
         <input_file_ref idref="fl-3"/>
      </object_component>
      <object_component id="oc-2ab">
         <name>.text</name>
         <load_address>0xdee0</load_address>
         <run_address>0xdee0</run_address>
         <size>0x26</size>
         <input_file_ref idref="fl-61"/>
      </object_component>
      <object_component id="oc-1bb">
         <name>.text:_ZN23Si570RegisterCalculator8get_reg8Ev</name>
         <load_address>0xdf06</load_address>
         <run_address>0xdf06</run_address>
         <size>0x22</size>
         <input_file_ref idref="fl-6"/>
      </object_component>
      <object_component id="oc-1c1">
         <name>.text:_ZN23Si570RegisterCalculator8get_reg9Ev</name>
         <load_address>0xdf28</load_address>
         <run_address>0xdf28</run_address>
         <size>0x22</size>
         <input_file_ref idref="fl-6"/>
      </object_component>
      <object_component id="oc-1cd">
         <name>.text:_ZN23Si570RegisterCalculator9get_reg11Ev</name>
         <load_address>0xdf4a</load_address>
         <run_address>0xdf4a</run_address>
         <size>0x20</size>
         <input_file_ref idref="fl-6"/>
      </object_component>
      <object_component id="oc-1d9">
         <name>.text:_ZN24Si570RegisterTransmitter16TransmitRegisterEhh</name>
         <load_address>0xdf6a</load_address>
         <run_address>0xdf6a</run_address>
         <size>0x1e</size>
         <input_file_ref idref="fl-7"/>
      </object_component>
      <object_component id="oc-1b5">
         <name>.text:_ZN23Si570RegisterCalculator8get_reg7Ev</name>
         <load_address>0xdf88</load_address>
         <run_address>0xdf88</run_address>
         <size>0x1c</size>
         <input_file_ref idref="fl-6"/>
      </object_component>
      <object_component id="oc-6a">
         <name>.text:_c_int00_noargs_noexit</name>
         <load_address>0xdfa4</load_address>
         <run_address>0xdfa4</run_address>
         <size>0x1a</size>
         <input_file_ref idref="fl-38"/>
      </object_component>
      <object_component id="oc-19b">
         <name>.text:_ZN13LCDController11SendCommandEh</name>
         <load_address>0xdfbe</load_address>
         <run_address>0xdfbe</run_address>
         <size>0x16</size>
         <input_file_ref idref="fl-3"/>
      </object_component>
      <object_component id="oc-138">
         <name>.text:_ZN13LCDController7LCDInitEv</name>
         <load_address>0xdfd4</load_address>
         <run_address>0xdfd4</run_address>
         <size>0x16</size>
         <input_file_ref idref="fl-3"/>
      </object_component>
      <object_component id="oc-178">
         <name>.text:_ZN13Configuration15ConfigureClocksEv</name>
         <load_address>0xdfea</load_address>
         <run_address>0xdfea</run_address>
         <size>0x14</size>
         <input_file_ref idref="fl-2"/>
      </object_component>
      <object_component id="oc-216">
         <name>.text</name>
         <load_address>0xdffe</load_address>
         <run_address>0xdffe</run_address>
         <size>0x14</size>
         <input_file_ref idref="fl-60"/>
      </object_component>
      <object_component id="oc-33">
         <name>.text:decompress:none:__TI_decompress_none</name>
         <load_address>0xe012</load_address>
         <run_address>0xe012</run_address>
         <size>0x12</size>
         <input_file_ref idref="fl-3b"/>
      </object_component>
      <object_component id="oc-2cb">
         <name>.text:l_lsr</name>
         <load_address>0xe024</load_address>
         <run_address>0xe024</run_address>
         <size>0x12</size>
         <input_file_ref idref="fl-5b"/>
      </object_component>
      <object_component id="oc-92">
         <name>.text:memcpy</name>
         <load_address>0xe036</load_address>
         <run_address>0xe036</run_address>
         <size>0x12</size>
         <input_file_ref idref="fl-5d"/>
      </object_component>
      <object_component id="oc-2ed">
         <name>.text:l_asr</name>
         <load_address>0xe048</load_address>
         <run_address>0xe048</run_address>
         <size>0x10</size>
         <input_file_ref idref="fl-68"/>
      </object_component>
      <object_component id="oc-2e8">
         <name>.text:l_lsl</name>
         <load_address>0xe058</load_address>
         <run_address>0xe058</run_address>
         <size>0x10</size>
         <input_file_ref idref="fl-58"/>
      </object_component>
      <object_component id="oc-101">
         <name>.text</name>
         <load_address>0xe068</load_address>
         <run_address>0xe068</run_address>
         <size>0x10</size>
         <input_file_ref idref="fl-3f"/>
      </object_component>
      <object_component id="oc-20a">
         <name>.text:__mspabi_fltid</name>
         <load_address>0xe078</load_address>
         <run_address>0xe078</run_address>
         <size>0xc</size>
         <input_file_ref idref="fl-46"/>
      </object_component>
      <object_component id="oc-132">
         <name>.text:_ZN13LCDController11UnusedPortsEv</name>
         <load_address>0xe084</load_address>
         <run_address>0xe084</run_address>
         <size>0xa</size>
         <input_file_ref idref="fl-3"/>
      </object_component>
      <object_component id="oc-1e4">
         <name>.text:_ZN13LCDController12EnableNybbleEv</name>
         <load_address>0xe08e</load_address>
         <run_address>0xe08e</run_address>
         <size>0xa</size>
         <input_file_ref idref="fl-3"/>
      </object_component>
      <object_component id="oc-120">
         <name>.text:_ZN13Configuration4InitEv</name>
         <load_address>0xe098</load_address>
         <run_address>0xe098</run_address>
         <size>0x8</size>
         <input_file_ref idref="fl-2"/>
      </object_component>
      <object_component id="oc-1c7">
         <name>.text:_ZN23Si570RegisterCalculator9get_reg10Ev</name>
         <load_address>0xe0a0</load_address>
         <run_address>0xe0a0</run_address>
         <size>0x6</size>
         <input_file_ref idref="fl-6"/>
      </object_component>
      <object_component id="oc-1d3">
         <name>.text:_ZN23Si570RegisterCalculator9get_reg12Ev</name>
         <load_address>0xe0a6</load_address>
         <run_address>0xe0a6</run_address>
         <size>0x6</size>
         <input_file_ref idref="fl-6"/>
      </object_component>
      <object_component id="oc-ac">
         <name>.text:_isr:__TI_ISR_TRAP</name>
         <load_address>0xe0ac</load_address>
         <run_address>0xe0ac</run_address>
         <size>0x6</size>
         <input_file_ref idref="fl-56"/>
      </object_component>
      <object_component id="oc-39">
         <name>.text:decompress:rle24:__TI_decompress_rle24</name>
         <load_address>0xe0b2</load_address>
         <run_address>0xe0b2</run_address>
         <size>0x6</size>
         <input_file_ref idref="fl-3c"/>
      </object_component>
      <object_component id="oc-b8">
         <name>.text:_system_pre_init</name>
         <load_address>0xe0b8</load_address>
         <run_address>0xe0b8</run_address>
         <size>0x4</size>
         <input_file_ref idref="fl-62"/>
      </object_component>
      <object_component id="oc-e0">
         <name>.text:abort</name>
         <load_address>0xe0bc</load_address>
         <run_address>0xe0bc</run_address>
         <size>0x4</size>
         <input_file_ref idref="fl-40"/>
      </object_component>
      <object_component id="oc-341">
         <name>.cinit..data.load</name>
         <load_address>0xe0cc</load_address>
         <run_address>0xe0cc</run_address>
         <size>0x8</size>
      </object_component>
      <object_component id="oc-33f">
         <name>__TI_handler_table</name>
         <load_address>0xe0d4</load_address>
         <run_address>0xe0d4</run_address>
         <size>0x4</size>
      </object_component>
      <object_component id="oc-340">
         <name>__TI_cinit_table</name>
         <load_address>0xe0d8</load_address>
         <run_address>0xe0d8</run_address>
         <size>0x4</size>
      </object_component>
      <object_component id="oc-207">
         <name>.const:_ZN23Si570RegisterCalculator10kHsDivValsE</name>
         <load_address>0xe0c0</load_address>
         <run_address>0xe0c0</run_address>
         <size>0xc</size>
         <input_file_ref idref="fl-6"/>
      </object_component>
      <object_component id="oc-3f">
         <name>.int00</name>
         <load_address>0xffe0</load_address>
         <run_address>0xffe0</run_address>
         <size>0x2</size>
         <input_file_ref idref="fl-49"/>
      </object_component>
      <object_component id="oc-40">
         <name>.int02</name>
         <load_address>0xffe4</load_address>
         <run_address>0xffe4</run_address>
         <size>0x2</size>
         <input_file_ref idref="fl-4a"/>
      </object_component>
      <object_component id="oc-41">
         <name>.int03</name>
         <load_address>0xffe6</load_address>
         <run_address>0xffe6</run_address>
         <size>0x2</size>
         <input_file_ref idref="fl-4b"/>
      </object_component>
      <object_component id="oc-42">
         <name>.int05</name>
         <load_address>0xffea</load_address>
         <run_address>0xffea</run_address>
         <size>0x2</size>
         <input_file_ref idref="fl-4c"/>
      </object_component>
      <object_component id="oc-43">
         <name>.int06</name>
         <load_address>0xffec</load_address>
         <run_address>0xffec</run_address>
         <size>0x2</size>
         <input_file_ref idref="fl-4d"/>
      </object_component>
      <object_component id="oc-44">
         <name>.int07</name>
         <load_address>0xffee</load_address>
         <run_address>0xffee</run_address>
         <size>0x2</size>
         <input_file_ref idref="fl-4e"/>
      </object_component>
      <object_component id="oc-45">
         <name>.int08</name>
         <load_address>0xfff0</load_address>
         <run_address>0xfff0</run_address>
         <size>0x2</size>
         <input_file_ref idref="fl-4f"/>
      </object_component>
      <object_component id="oc-46">
         <name>.int09</name>
         <load_address>0xfff2</load_address>
         <run_address>0xfff2</run_address>
         <size>0x2</size>
         <input_file_ref idref="fl-50"/>
      </object_component>
      <object_component id="oc-47">
         <name>.int10</name>
         <load_address>0xfff4</load_address>
         <run_address>0xfff4</run_address>
         <size>0x2</size>
         <input_file_ref idref="fl-51"/>
      </object_component>
      <object_component id="oc-48">
         <name>.int11</name>
         <load_address>0xfff6</load_address>
         <run_address>0xfff6</run_address>
         <size>0x2</size>
         <input_file_ref idref="fl-52"/>
      </object_component>
      <object_component id="oc-49">
         <name>.int12</name>
         <load_address>0xfff8</load_address>
         <run_address>0xfff8</run_address>
         <size>0x2</size>
         <input_file_ref idref="fl-53"/>
      </object_component>
      <object_component id="oc-4a">
         <name>.int13</name>
         <load_address>0xfffa</load_address>
         <run_address>0xfffa</run_address>
         <size>0x2</size>
         <input_file_ref idref="fl-54"/>
      </object_component>
      <object_component id="oc-4b">
         <name>.int14</name>
         <load_address>0xfffc</load_address>
         <run_address>0xfffc</run_address>
         <size>0x2</size>
         <input_file_ref idref="fl-55"/>
      </object_component>
      <object_component id="oc-91">
         <name>.reset</name>
         <load_address>0xfffe</load_address>
         <run_address>0xfffe</run_address>
         <size>0x2</size>
         <input_file_ref idref="fl-37"/>
      </object_component>
      <object_component id="oc-235">
         <name>.data</name>
         <load_address>0x200</load_address>
         <run_address>0x200</run_address>
         <size>0x4</size>
         <input_file_ref idref="fl-7"/>
      </object_component>
      <object_component id="oc-1ab">
         <name>.debug_info</name>
         <load_address>0x0</load_address>
         <run_address>0x0</run_address>
         <size>0x24c</size>
         <input_file_ref idref="fl-2"/>
      </object_component>
      <object_component id="oc-121">
         <name>.debug_info</name>
         <load_address>0x24c</load_address>
         <run_address>0x24c</run_address>
         <size>0x14f</size>
         <input_file_ref idref="fl-2"/>
      </object_component>
      <object_component id="oc-179">
         <name>.debug_info</name>
         <load_address>0x39b</load_address>
         <run_address>0x39b</run_address>
         <size>0x13a</size>
         <input_file_ref idref="fl-2"/>
      </object_component>
      <object_component id="oc-17f">
         <name>.debug_info</name>
         <load_address>0x4d5</load_address>
         <run_address>0x4d5</run_address>
         <size>0x5e</size>
         <input_file_ref idref="fl-2"/>
      </object_component>
      <object_component id="oc-ee">
         <name>.debug_info</name>
         <load_address>0x533</load_address>
         <run_address>0x533</run_address>
         <size>0x84</size>
         <input_file_ref idref="fl-2"/>
      </object_component>
      <object_component id="oc-1e2">
         <name>.debug_info</name>
         <load_address>0x5b7</load_address>
         <run_address>0x5b7</run_address>
         <size>0x3cf</size>
         <input_file_ref idref="fl-3"/>
      </object_component>
      <object_component id="oc-1e5">
         <name>.debug_info</name>
         <load_address>0x986</load_address>
         <run_address>0x986</run_address>
         <size>0x137</size>
         <input_file_ref idref="fl-3"/>
      </object_component>
      <object_component id="oc-19c">
         <name>.debug_info</name>
         <load_address>0xabd</load_address>
         <run_address>0xabd</run_address>
         <size>0x17c</size>
         <input_file_ref idref="fl-3"/>
      </object_component>
      <object_component id="oc-139">
         <name>.debug_info</name>
         <load_address>0xc39</load_address>
         <run_address>0xc39</run_address>
         <size>0x154</size>
         <input_file_ref idref="fl-3"/>
      </object_component>
      <object_component id="oc-13f">
         <name>.debug_info</name>
         <load_address>0xd8d</load_address>
         <run_address>0xd8d</run_address>
         <size>0x137</size>
         <input_file_ref idref="fl-3"/>
      </object_component>
      <object_component id="oc-133">
         <name>.debug_info</name>
         <load_address>0xec4</load_address>
         <run_address>0xec4</run_address>
         <size>0x135</size>
         <input_file_ref idref="fl-3"/>
      </object_component>
      <object_component id="oc-196">
         <name>.debug_info</name>
         <load_address>0xff9</load_address>
         <run_address>0xff9</run_address>
         <size>0x19a</size>
         <input_file_ref idref="fl-3"/>
      </object_component>
      <object_component id="oc-23b">
         <name>.debug_info</name>
         <load_address>0x1193</load_address>
         <run_address>0x1193</run_address>
         <size>0x18b</size>
         <input_file_ref idref="fl-3"/>
      </object_component>
      <object_component id="oc-1a3">
         <name>.debug_info</name>
         <load_address>0x131e</load_address>
         <run_address>0x131e</run_address>
         <size>0x488</size>
         <input_file_ref idref="fl-4"/>
      </object_component>
      <object_component id="oc-d9">
         <name>.debug_info</name>
         <load_address>0x17a6</load_address>
         <run_address>0x17a6</run_address>
         <size>0x294</size>
         <input_file_ref idref="fl-4"/>
      </object_component>
      <object_component id="oc-14f">
         <name>.debug_info</name>
         <load_address>0x1a3a</load_address>
         <run_address>0x1a3a</run_address>
         <size>0xb7</size>
         <input_file_ref idref="fl-4"/>
      </object_component>
      <object_component id="oc-145">
         <name>.debug_info</name>
         <load_address>0x1af1</load_address>
         <run_address>0x1af1</run_address>
         <size>0x191</size>
         <input_file_ref idref="fl-4"/>
      </object_component>
      <object_component id="oc-14a">
         <name>.debug_info</name>
         <load_address>0x1c82</load_address>
         <run_address>0x1c82</run_address>
         <size>0xfc</size>
         <input_file_ref idref="fl-4"/>
      </object_component>
      <object_component id="oc-193">
         <name>.debug_info</name>
         <load_address>0x1d7e</load_address>
         <run_address>0x1d7e</run_address>
         <size>0x534</size>
         <input_file_ref idref="fl-5"/>
      </object_component>
      <object_component id="oc-12d">
         <name>.debug_info</name>
         <load_address>0x22b2</load_address>
         <run_address>0x22b2</run_address>
         <size>0x2ab</size>
         <input_file_ref idref="fl-5"/>
      </object_component>
      <object_component id="oc-18d">
         <name>.debug_info</name>
         <load_address>0x255d</load_address>
         <run_address>0x255d</run_address>
         <size>0x555</size>
         <input_file_ref idref="fl-5"/>
      </object_component>
      <object_component id="oc-222">
         <name>.debug_info</name>
         <load_address>0x2ab2</load_address>
         <run_address>0x2ab2</run_address>
         <size>0x28f</size>
         <input_file_ref idref="fl-6"/>
      </object_component>
      <object_component id="oc-208">
         <name>.debug_info</name>
         <load_address>0x2d41</load_address>
         <run_address>0x2d41</run_address>
         <size>0x121</size>
         <input_file_ref idref="fl-6"/>
      </object_component>
      <object_component id="oc-1b0">
         <name>.debug_info</name>
         <load_address>0x2e62</load_address>
         <run_address>0x2e62</run_address>
         <size>0x3c9</size>
         <input_file_ref idref="fl-6"/>
      </object_component>
      <object_component id="oc-1b6">
         <name>.debug_info</name>
         <load_address>0x322b</load_address>
         <run_address>0x322b</run_address>
         <size>0x191</size>
         <input_file_ref idref="fl-6"/>
      </object_component>
      <object_component id="oc-1bc">
         <name>.debug_info</name>
         <load_address>0x33bc</load_address>
         <run_address>0x33bc</run_address>
         <size>0x191</size>
         <input_file_ref idref="fl-6"/>
      </object_component>
      <object_component id="oc-1c2">
         <name>.debug_info</name>
         <load_address>0x354d</load_address>
         <run_address>0x354d</run_address>
         <size>0x190</size>
         <input_file_ref idref="fl-6"/>
      </object_component>
      <object_component id="oc-1c8">
         <name>.debug_info</name>
         <load_address>0x36dd</load_address>
         <run_address>0x36dd</run_address>
         <size>0x17d</size>
         <input_file_ref idref="fl-6"/>
      </object_component>
      <object_component id="oc-1ce">
         <name>.debug_info</name>
         <load_address>0x385a</load_address>
         <run_address>0x385a</run_address>
         <size>0x192</size>
         <input_file_ref idref="fl-6"/>
      </object_component>
      <object_component id="oc-1d4">
         <name>.debug_info</name>
         <load_address>0x39ec</load_address>
         <run_address>0x39ec</run_address>
         <size>0x17d</size>
         <input_file_ref idref="fl-6"/>
      </object_component>
      <object_component id="oc-297">
         <name>.debug_info</name>
         <load_address>0x3b69</load_address>
         <run_address>0x3b69</run_address>
         <size>0xbd</size>
         <input_file_ref idref="fl-6"/>
      </object_component>
      <object_component id="oc-29c">
         <name>.debug_info</name>
         <load_address>0x3c26</load_address>
         <run_address>0x3c26</run_address>
         <size>0x165</size>
         <input_file_ref idref="fl-6"/>
      </object_component>
      <object_component id="oc-2dd">
         <name>.debug_info</name>
         <load_address>0x3d8b</load_address>
         <run_address>0x3d8b</run_address>
         <size>0x2c</size>
         <input_file_ref idref="fl-6"/>
      </object_component>
      <object_component id="oc-185">
         <name>.debug_info</name>
         <load_address>0x3db7</load_address>
         <run_address>0x3db7</run_address>
         <size>0x2fe</size>
         <input_file_ref idref="fl-7"/>
      </object_component>
      <object_component id="oc-236">
         <name>.debug_info</name>
         <load_address>0x40b5</load_address>
         <run_address>0x40b5</run_address>
         <size>0x20e</size>
         <input_file_ref idref="fl-7"/>
      </object_component>
      <object_component id="oc-127">
         <name>.debug_info</name>
         <load_address>0x42c3</load_address>
         <run_address>0x42c3</run_address>
         <size>0x1bd</size>
         <input_file_ref idref="fl-7"/>
      </object_component>
      <object_component id="oc-1da">
         <name>.debug_info</name>
         <load_address>0x4480</load_address>
         <run_address>0x4480</run_address>
         <size>0x1f8</size>
         <input_file_ref idref="fl-7"/>
      </object_component>
      <object_component id="oc-187">
         <name>.debug_info</name>
         <load_address>0x4678</load_address>
         <run_address>0x4678</run_address>
         <size>0x8b</size>
         <input_file_ref idref="fl-7"/>
      </object_component>
      <object_component id="oc-22c">
         <name>.debug_info</name>
         <load_address>0x4703</load_address>
         <run_address>0x4703</run_address>
         <size>0x183</size>
         <input_file_ref idref="fl-36"/>
      </object_component>
      <object_component id="oc-8f">
         <name>.debug_info</name>
         <load_address>0x4886</load_address>
         <run_address>0x4886</run_address>
         <size>0xf0</size>
         <input_file_ref idref="fl-37"/>
      </object_component>
      <object_component id="oc-6d">
         <name>.debug_info</name>
         <load_address>0x4976</load_address>
         <run_address>0x4976</run_address>
         <size>0x191</size>
         <input_file_ref idref="fl-38"/>
      </object_component>
      <object_component id="oc-26c">
         <name>.debug_info</name>
         <load_address>0x4b07</load_address>
         <run_address>0x4b07</run_address>
         <size>0x1b4</size>
         <input_file_ref idref="fl-39"/>
      </object_component>
      <object_component id="oc-1f6">
         <name>.debug_info</name>
         <load_address>0x4cbb</load_address>
         <run_address>0x4cbb</run_address>
         <size>0x1f6</size>
         <input_file_ref idref="fl-39"/>
      </object_component>
      <object_component id="oc-261">
         <name>.debug_info</name>
         <load_address>0x4eb1</load_address>
         <run_address>0x4eb1</run_address>
         <size>0x19f</size>
         <input_file_ref idref="fl-3a"/>
      </object_component>
      <object_component id="oc-24e">
         <name>.debug_info</name>
         <load_address>0x5050</load_address>
         <run_address>0x5050</run_address>
         <size>0x94</size>
         <input_file_ref idref="fl-3a"/>
      </object_component>
      <object_component id="oc-9e">
         <name>.debug_info</name>
         <load_address>0x50e4</load_address>
         <run_address>0x50e4</run_address>
         <size>0x1ad</size>
         <input_file_ref idref="fl-3b"/>
      </object_component>
      <object_component id="oc-34">
         <name>.debug_info</name>
         <load_address>0x5291</load_address>
         <run_address>0x5291</run_address>
         <size>0x1da</size>
         <input_file_ref idref="fl-3b"/>
      </object_component>
      <object_component id="oc-99">
         <name>.debug_info</name>
         <load_address>0x546b</load_address>
         <run_address>0x546b</run_address>
         <size>0x46</size>
         <input_file_ref idref="fl-3b"/>
      </object_component>
      <object_component id="oc-fa">
         <name>.debug_info</name>
         <load_address>0x54b1</load_address>
         <run_address>0x54b1</run_address>
         <size>0x2c</size>
         <input_file_ref idref="fl-3b"/>
      </object_component>
      <object_component id="oc-a6">
         <name>.debug_info</name>
         <load_address>0x54dd</load_address>
         <run_address>0x54dd</run_address>
         <size>0x16f</size>
         <input_file_ref idref="fl-3c"/>
      </object_component>
      <object_component id="oc-a0">
         <name>.debug_info</name>
         <load_address>0x564c</load_address>
         <run_address>0x564c</run_address>
         <size>0x235</size>
         <input_file_ref idref="fl-3c"/>
      </object_component>
      <object_component id="oc-3a">
         <name>.debug_info</name>
         <load_address>0x5881</load_address>
         <run_address>0x5881</run_address>
         <size>0x1ac</size>
         <input_file_ref idref="fl-3c"/>
      </object_component>
      <object_component id="oc-a7">
         <name>.debug_info</name>
         <load_address>0x5a2d</load_address>
         <run_address>0x5a2d</run_address>
         <size>0x39</size>
         <input_file_ref idref="fl-3c"/>
      </object_component>
      <object_component id="oc-f5">
         <name>.debug_info</name>
         <load_address>0x5a66</load_address>
         <run_address>0x5a66</run_address>
         <size>0x2c</size>
         <input_file_ref idref="fl-3d"/>
      </object_component>
      <object_component id="oc-24d">
         <name>.debug_info</name>
         <load_address>0x5a92</load_address>
         <run_address>0x5a92</run_address>
         <size>0x188</size>
         <input_file_ref idref="fl-3e"/>
      </object_component>
      <object_component id="oc-1f0">
         <name>.debug_info</name>
         <load_address>0x5c1a</load_address>
         <run_address>0x5c1a</run_address>
         <size>0x27a</size>
         <input_file_ref idref="fl-3e"/>
      </object_component>
      <object_component id="oc-103">
         <name>.debug_info</name>
         <load_address>0x5e94</load_address>
         <run_address>0x5e94</run_address>
         <size>0x125</size>
         <input_file_ref idref="fl-3f"/>
      </object_component>
      <object_component id="oc-e1">
         <name>.debug_info</name>
         <load_address>0x5fb9</load_address>
         <run_address>0x5fb9</run_address>
         <size>0x112</size>
         <input_file_ref idref="fl-40"/>
      </object_component>
      <object_component id="oc-1fc">
         <name>.debug_info</name>
         <load_address>0x60cb</load_address>
         <run_address>0x60cb</run_address>
         <size>0x161</size>
         <input_file_ref idref="fl-42"/>
      </object_component>
      <object_component id="oc-26e">
         <name>.debug_info</name>
         <load_address>0x622c</load_address>
         <run_address>0x622c</run_address>
         <size>0x1b0</size>
         <input_file_ref idref="fl-43"/>
      </object_component>
      <object_component id="oc-294">
         <name>.debug_info</name>
         <load_address>0x63dc</load_address>
         <run_address>0x63dc</run_address>
         <size>0x14d</size>
         <input_file_ref idref="fl-44"/>
      </object_component>
      <object_component id="oc-21d">
         <name>.debug_info</name>
         <load_address>0x6529</load_address>
         <run_address>0x6529</run_address>
         <size>0x1d6</size>
         <input_file_ref idref="fl-44"/>
      </object_component>
      <object_component id="oc-27b">
         <name>.debug_info</name>
         <load_address>0x66ff</load_address>
         <run_address>0x66ff</run_address>
         <size>0x1b5</size>
         <input_file_ref idref="fl-45"/>
      </object_component>
      <object_component id="oc-204">
         <name>.debug_info</name>
         <load_address>0x68b4</load_address>
         <run_address>0x68b4</run_address>
         <size>0x1f2</size>
         <input_file_ref idref="fl-45"/>
      </object_component>
      <object_component id="oc-20d">
         <name>.debug_info</name>
         <load_address>0x6aa6</load_address>
         <run_address>0x6aa6</run_address>
         <size>0x156</size>
         <input_file_ref idref="fl-46"/>
      </object_component>
      <object_component id="oc-2d5">
         <name>.debug_info</name>
         <load_address>0x6bfc</load_address>
         <run_address>0x6bfc</run_address>
         <size>0x14c</size>
         <input_file_ref idref="fl-47"/>
      </object_component>
      <object_component id="oc-27f">
         <name>.debug_info</name>
         <load_address>0x6d48</load_address>
         <run_address>0x6d48</run_address>
         <size>0x20b</size>
         <input_file_ref idref="fl-47"/>
      </object_component>
      <object_component id="oc-2bb">
         <name>.debug_info</name>
         <load_address>0x6f53</load_address>
         <run_address>0x6f53</run_address>
         <size>0x153</size>
         <input_file_ref idref="fl-48"/>
      </object_component>
      <object_component id="oc-249">
         <name>.debug_info</name>
         <load_address>0x70a6</load_address>
         <run_address>0x70a6</run_address>
         <size>0x5d9</size>
         <input_file_ref idref="fl-48"/>
      </object_component>
      <object_component id="oc-ad">
         <name>.debug_info</name>
         <load_address>0x767f</load_address>
         <run_address>0x767f</run_address>
         <size>0x106</size>
         <input_file_ref idref="fl-56"/>
      </object_component>
      <object_component id="oc-225">
         <name>.debug_info</name>
         <load_address>0x7785</load_address>
         <run_address>0x7785</run_address>
         <size>0x117</size>
         <input_file_ref idref="fl-57"/>
      </object_component>
      <object_component id="oc-2e9">
         <name>.debug_info</name>
         <load_address>0x789c</load_address>
         <run_address>0x789c</run_address>
         <size>0x117</size>
         <input_file_ref idref="fl-58"/>
      </object_component>
      <object_component id="oc-2b6">
         <name>.debug_info</name>
         <load_address>0x79b3</load_address>
         <run_address>0x79b3</run_address>
         <size>0x11d</size>
         <input_file_ref idref="fl-58"/>
      </object_component>
      <object_component id="oc-25a">
         <name>.debug_info</name>
         <load_address>0x7ad0</load_address>
         <run_address>0x7ad0</run_address>
         <size>0x183</size>
         <input_file_ref idref="fl-59"/>
      </object_component>
      <object_component id="oc-243">
         <name>.debug_info</name>
         <load_address>0x7c53</load_address>
         <run_address>0x7c53</run_address>
         <size>0x117</size>
         <input_file_ref idref="fl-5a"/>
      </object_component>
      <object_component id="oc-2cc">
         <name>.debug_info</name>
         <load_address>0x7d6a</load_address>
         <run_address>0x7d6a</run_address>
         <size>0x117</size>
         <input_file_ref idref="fl-5b"/>
      </object_component>
      <object_component id="oc-2a7">
         <name>.debug_info</name>
         <load_address>0x7e81</load_address>
         <run_address>0x7e81</run_address>
         <size>0x11d</size>
         <input_file_ref idref="fl-5b"/>
      </object_component>
      <object_component id="oc-254">
         <name>.debug_info</name>
         <load_address>0x7f9e</load_address>
         <run_address>0x7f9e</run_address>
         <size>0x183</size>
         <input_file_ref idref="fl-5c"/>
      </object_component>
      <object_component id="oc-f4">
         <name>.debug_info</name>
         <load_address>0x8121</load_address>
         <run_address>0x8121</run_address>
         <size>0x168</size>
         <input_file_ref idref="fl-5d"/>
      </object_component>
      <object_component id="oc-93">
         <name>.debug_info</name>
         <load_address>0x8289</load_address>
         <run_address>0x8289</run_address>
         <size>0x18c</size>
         <input_file_ref idref="fl-5d"/>
      </object_component>
      <object_component id="oc-291">
         <name>.debug_info</name>
         <load_address>0x8415</load_address>
         <run_address>0x8415</run_address>
         <size>0x188</size>
         <input_file_ref idref="fl-5f"/>
      </object_component>
      <object_component id="oc-211">
         <name>.debug_info</name>
         <load_address>0x859d</load_address>
         <run_address>0x859d</run_address>
         <size>0x2c6</size>
         <input_file_ref idref="fl-5f"/>
      </object_component>
      <object_component id="oc-218">
         <name>.debug_info</name>
         <load_address>0x8863</load_address>
         <run_address>0x8863</run_address>
         <size>0x118</size>
         <input_file_ref idref="fl-60"/>
      </object_component>
      <object_component id="oc-2ac">
         <name>.debug_info</name>
         <load_address>0x897b</load_address>
         <run_address>0x897b</run_address>
         <size>0x118</size>
         <input_file_ref idref="fl-61"/>
      </object_component>
      <object_component id="oc-b9">
         <name>.debug_info</name>
         <load_address>0x8a93</load_address>
         <run_address>0x8a93</run_address>
         <size>0x143</size>
         <input_file_ref idref="fl-62"/>
      </object_component>
      <object_component id="oc-275">
         <name>.debug_info</name>
         <load_address>0x8bd6</load_address>
         <run_address>0x8bd6</run_address>
         <size>0x17d</size>
         <input_file_ref idref="fl-63"/>
      </object_component>
      <object_component id="oc-2c8">
         <name>.debug_info</name>
         <load_address>0x8d53</load_address>
         <run_address>0x8d53</run_address>
         <size>0x18d</size>
         <input_file_ref idref="fl-65"/>
      </object_component>
      <object_component id="oc-266">
         <name>.debug_info</name>
         <load_address>0x8ee0</load_address>
         <run_address>0x8ee0</run_address>
         <size>0x24e</size>
         <input_file_ref idref="fl-65"/>
      </object_component>
      <object_component id="oc-287">
         <name>.debug_info</name>
         <load_address>0x912e</load_address>
         <run_address>0x912e</run_address>
         <size>0x117</size>
         <input_file_ref idref="fl-67"/>
      </object_component>
      <object_component id="oc-2ee">
         <name>.debug_info</name>
         <load_address>0x9245</load_address>
         <run_address>0x9245</run_address>
         <size>0x117</size>
         <input_file_ref idref="fl-68"/>
      </object_component>
      <object_component id="oc-2b1">
         <name>.debug_info</name>
         <load_address>0x935c</load_address>
         <run_address>0x935c</run_address>
         <size>0x11d</size>
         <input_file_ref idref="fl-68"/>
      </object_component>
      <object_component id="oc-10e">
         <name>.debug_info</name>
         <load_address>0x9479</load_address>
         <run_address>0x9479</run_address>
         <size>0x2e4</size>
         <input_file_ref idref="fl-69"/>
      </object_component>
      <object_component id="oc-bf">
         <name>.debug_info</name>
         <load_address>0x975d</load_address>
         <run_address>0x975d</run_address>
         <size>0x196</size>
         <input_file_ref idref="fl-69"/>
      </object_component>
      <object_component id="oc-15a">
         <name>.debug_info</name>
         <load_address>0x98f3</load_address>
         <run_address>0x98f3</run_address>
         <size>0x39</size>
         <input_file_ref idref="fl-69"/>
      </object_component>
      <object_component id="oc-2f9">
         <name>.debug_info</name>
         <load_address>0x992c</load_address>
         <run_address>0x992c</run_address>
         <size>0x181</size>
         <input_file_ref idref="fl-6a"/>
      </object_component>
      <object_component id="oc-2c2">
         <name>.debug_info</name>
         <load_address>0x9aad</load_address>
         <run_address>0x9aad</run_address>
         <size>0x319</size>
         <input_file_ref idref="fl-6a"/>
      </object_component>
      <object_component id="oc-2d8">
         <name>.debug_info</name>
         <load_address>0x9dc6</load_address>
         <run_address>0x9dc6</run_address>
         <size>0x16f</size>
         <input_file_ref idref="fl-6b"/>
      </object_component>
      <object_component id="oc-28d">
         <name>.debug_info</name>
         <load_address>0x9f35</load_address>
         <run_address>0x9f35</run_address>
         <size>0x3c7</size>
         <input_file_ref idref="fl-6b"/>
      </object_component>
      <object_component id="oc-304">
         <name>.debug_info</name>
         <load_address>0xa2fc</load_address>
         <run_address>0xa2fc</run_address>
         <size>0x153</size>
         <input_file_ref idref="fl-6c"/>
      </object_component>
      <object_component id="oc-2f5">
         <name>.debug_info</name>
         <load_address>0xa44f</load_address>
         <run_address>0xa44f</run_address>
         <size>0x1e9</size>
         <input_file_ref idref="fl-6c"/>
      </object_component>
      <object_component id="oc-343">
         <name>.debug_info</name>
         <load_address>0xa638</load_address>
         <run_address>0xa638</run_address>
         <size>0xa1</size>
      </object_component>
      <object_component id="oc-1ee">
         <name>.debug_line</name>
         <load_address>0x0</load_address>
         <run_address>0x0</run_address>
         <size>0x9c</size>
         <input_file_ref idref="fl-2"/>
      </object_component>
      <object_component id="oc-124">
         <name>.debug_line</name>
         <load_address>0x9c</load_address>
         <run_address>0x9c</run_address>
         <size>0x4b</size>
         <input_file_ref idref="fl-2"/>
      </object_component>
      <object_component id="oc-17c">
         <name>.debug_line</name>
         <load_address>0xe7</load_address>
         <run_address>0xe7</run_address>
         <size>0x4c</size>
         <input_file_ref idref="fl-2"/>
      </object_component>
      <object_component id="oc-182">
         <name>.debug_line</name>
         <load_address>0x133</load_address>
         <run_address>0x133</run_address>
         <size>0x36</size>
         <input_file_ref idref="fl-2"/>
      </object_component>
      <object_component id="oc-f1">
         <name>.debug_line</name>
         <load_address>0x169</load_address>
         <run_address>0x169</run_address>
         <size>0x20</size>
         <input_file_ref idref="fl-2"/>
      </object_component>
      <object_component id="oc-23a">
         <name>.debug_line</name>
         <load_address>0x189</load_address>
         <run_address>0x189</run_address>
         <size>0x6c</size>
         <input_file_ref idref="fl-3"/>
      </object_component>
      <object_component id="oc-1e8">
         <name>.debug_line</name>
         <load_address>0x1f5</load_address>
         <run_address>0x1f5</run_address>
         <size>0x4c</size>
         <input_file_ref idref="fl-3"/>
      </object_component>
      <object_component id="oc-19f">
         <name>.debug_line</name>
         <load_address>0x241</load_address>
         <run_address>0x241</run_address>
         <size>0x50</size>
         <input_file_ref idref="fl-3"/>
      </object_component>
      <object_component id="oc-13c">
         <name>.debug_line</name>
         <load_address>0x291</load_address>
         <run_address>0x291</run_address>
         <size>0x4d</size>
         <input_file_ref idref="fl-3"/>
      </object_component>
      <object_component id="oc-142">
         <name>.debug_line</name>
         <load_address>0x2de</load_address>
         <run_address>0x2de</run_address>
         <size>0x50</size>
         <input_file_ref idref="fl-3"/>
      </object_component>
      <object_component id="oc-136">
         <name>.debug_line</name>
         <load_address>0x32e</load_address>
         <run_address>0x32e</run_address>
         <size>0x4f</size>
         <input_file_ref idref="fl-3"/>
      </object_component>
      <object_component id="oc-199">
         <name>.debug_line</name>
         <load_address>0x37d</load_address>
         <run_address>0x37d</run_address>
         <size>0x37</size>
         <input_file_ref idref="fl-3"/>
      </object_component>
      <object_component id="oc-23e">
         <name>.debug_line</name>
         <load_address>0x3b4</load_address>
         <run_address>0x3b4</run_address>
         <size>0x63</size>
         <input_file_ref idref="fl-3"/>
      </object_component>
      <object_component id="oc-1ec">
         <name>.debug_line</name>
         <load_address>0x417</load_address>
         <run_address>0x417</run_address>
         <size>0x89</size>
         <input_file_ref idref="fl-4"/>
      </object_component>
      <object_component id="oc-dc">
         <name>.debug_line</name>
         <load_address>0x4a0</load_address>
         <run_address>0x4a0</run_address>
         <size>0x4d</size>
         <input_file_ref idref="fl-4"/>
      </object_component>
      <object_component id="oc-152">
         <name>.debug_line</name>
         <load_address>0x4ed</load_address>
         <run_address>0x4ed</run_address>
         <size>0x39</size>
         <input_file_ref idref="fl-4"/>
      </object_component>
      <object_component id="oc-148">
         <name>.debug_line</name>
         <load_address>0x526</load_address>
         <run_address>0x526</run_address>
         <size>0x42</size>
         <input_file_ref idref="fl-4"/>
      </object_component>
      <object_component id="oc-14d">
         <name>.debug_line</name>
         <load_address>0x568</load_address>
         <run_address>0x568</run_address>
         <size>0x43</size>
         <input_file_ref idref="fl-4"/>
      </object_component>
      <object_component id="oc-1e1">
         <name>.debug_line</name>
         <load_address>0x5ab</load_address>
         <run_address>0x5ab</run_address>
         <size>0x65</size>
         <input_file_ref idref="fl-5"/>
      </object_component>
      <object_component id="oc-130">
         <name>.debug_line</name>
         <load_address>0x610</load_address>
         <run_address>0x610</run_address>
         <size>0x53</size>
         <input_file_ref idref="fl-5"/>
      </object_component>
      <object_component id="oc-190">
         <name>.debug_line</name>
         <load_address>0x663</load_address>
         <run_address>0x663</run_address>
         <size>0x5c</size>
         <input_file_ref idref="fl-5"/>
      </object_component>
      <object_component id="oc-296">
         <name>.debug_line</name>
         <load_address>0x6bf</load_address>
         <run_address>0x6bf</run_address>
         <size>0x61</size>
         <input_file_ref idref="fl-6"/>
      </object_component>
      <object_component id="oc-27d">
         <name>.debug_line</name>
         <load_address>0x720</load_address>
         <run_address>0x720</run_address>
         <size>0x43</size>
         <input_file_ref idref="fl-6"/>
      </object_component>
      <object_component id="oc-1b3">
         <name>.debug_line</name>
         <load_address>0x763</load_address>
         <run_address>0x763</run_address>
         <size>0x78</size>
         <input_file_ref idref="fl-6"/>
      </object_component>
      <object_component id="oc-1b9">
         <name>.debug_line</name>
         <load_address>0x7db</load_address>
         <run_address>0x7db</run_address>
         <size>0x58</size>
         <input_file_ref idref="fl-6"/>
      </object_component>
      <object_component id="oc-1bf">
         <name>.debug_line</name>
         <load_address>0x833</load_address>
         <run_address>0x833</run_address>
         <size>0x58</size>
         <input_file_ref idref="fl-6"/>
      </object_component>
      <object_component id="oc-1c5">
         <name>.debug_line</name>
         <load_address>0x88b</load_address>
         <run_address>0x88b</run_address>
         <size>0x59</size>
         <input_file_ref idref="fl-6"/>
      </object_component>
      <object_component id="oc-1cb">
         <name>.debug_line</name>
         <load_address>0x8e4</load_address>
         <run_address>0x8e4</run_address>
         <size>0x56</size>
         <input_file_ref idref="fl-6"/>
      </object_component>
      <object_component id="oc-1d1">
         <name>.debug_line</name>
         <load_address>0x93a</load_address>
         <run_address>0x93a</run_address>
         <size>0x59</size>
         <input_file_ref idref="fl-6"/>
      </object_component>
      <object_component id="oc-1d7">
         <name>.debug_line</name>
         <load_address>0x993</load_address>
         <run_address>0x993</run_address>
         <size>0x59</size>
         <input_file_ref idref="fl-6"/>
      </object_component>
      <object_component id="oc-29a">
         <name>.debug_line</name>
         <load_address>0x9ec</load_address>
         <run_address>0x9ec</run_address>
         <size>0x62</size>
         <input_file_ref idref="fl-6"/>
      </object_component>
      <object_component id="oc-29f">
         <name>.debug_line</name>
         <load_address>0xa4e</load_address>
         <run_address>0xa4e</run_address>
         <size>0x62</size>
         <input_file_ref idref="fl-6"/>
      </object_component>
      <object_component id="oc-2e0">
         <name>.debug_line</name>
         <load_address>0xab0</load_address>
         <run_address>0xab0</run_address>
         <size>0x63</size>
         <input_file_ref idref="fl-6"/>
      </object_component>
      <object_component id="oc-1ae">
         <name>.debug_line</name>
         <load_address>0xb13</load_address>
         <run_address>0xb13</run_address>
         <size>0x9c</size>
         <input_file_ref idref="fl-7"/>
      </object_component>
      <object_component id="oc-2a4">
         <name>.debug_line</name>
         <load_address>0xbaf</load_address>
         <run_address>0xbaf</run_address>
         <size>0x44</size>
         <input_file_ref idref="fl-7"/>
      </object_component>
      <object_component id="oc-12a">
         <name>.debug_line</name>
         <load_address>0xbf3</load_address>
         <run_address>0xbf3</run_address>
         <size>0x60</size>
         <input_file_ref idref="fl-7"/>
      </object_component>
      <object_component id="oc-1dd">
         <name>.debug_line</name>
         <load_address>0xc53</load_address>
         <run_address>0xc53</run_address>
         <size>0x5c</size>
         <input_file_ref idref="fl-7"/>
      </object_component>
      <object_component id="oc-18a">
         <name>.debug_line</name>
         <load_address>0xcaf</load_address>
         <run_address>0xcaf</run_address>
         <size>0x20</size>
         <input_file_ref idref="fl-7"/>
      </object_component>
      <object_component id="oc-22f">
         <name>.debug_line</name>
         <load_address>0xccf</load_address>
         <run_address>0xccf</run_address>
         <size>0x53</size>
         <input_file_ref idref="fl-36"/>
      </object_component>
      <object_component id="oc-ed">
         <name>.debug_line</name>
         <load_address>0xd22</load_address>
         <run_address>0xd22</run_address>
         <size>0x2a</size>
         <input_file_ref idref="fl-37"/>
      </object_component>
      <object_component id="oc-6b">
         <name>.debug_line</name>
         <load_address>0xd4c</load_address>
         <run_address>0xd4c</run_address>
         <size>0x4c</size>
         <input_file_ref idref="fl-38"/>
      </object_component>
      <object_component id="oc-2ca">
         <name>.debug_line</name>
         <load_address>0xd98</load_address>
         <run_address>0xd98</run_address>
         <size>0x20</size>
         <input_file_ref idref="fl-39"/>
      </object_component>
      <object_component id="oc-1f9">
         <name>.debug_line</name>
         <load_address>0xdb8</load_address>
         <run_address>0xdb8</run_address>
         <size>0x6c</size>
         <input_file_ref idref="fl-39"/>
      </object_component>
      <object_component id="oc-263">
         <name>.debug_line</name>
         <load_address>0xe24</load_address>
         <run_address>0xe24</run_address>
         <size>0x75</size>
         <input_file_ref idref="fl-3a"/>
      </object_component>
      <object_component id="oc-251">
         <name>.debug_line</name>
         <load_address>0xe99</load_address>
         <run_address>0xe99</run_address>
         <size>0x2e</size>
         <input_file_ref idref="fl-3a"/>
      </object_component>
      <object_component id="oc-100">
         <name>.debug_line</name>
         <load_address>0xec7</load_address>
         <run_address>0xec7</run_address>
         <size>0x8a</size>
         <input_file_ref idref="fl-3b"/>
      </object_component>
      <object_component id="oc-37">
         <name>.debug_line</name>
         <load_address>0xf51</load_address>
         <run_address>0xf51</run_address>
         <size>0x50</size>
         <input_file_ref idref="fl-3b"/>
      </object_component>
      <object_component id="oc-9c">
         <name>.debug_line</name>
         <load_address>0xfa1</load_address>
         <run_address>0xfa1</run_address>
         <size>0x3a</size>
         <input_file_ref idref="fl-3b"/>
      </object_component>
      <object_component id="oc-fd">
         <name>.debug_line</name>
         <load_address>0xfdb</load_address>
         <run_address>0xfdb</run_address>
         <size>0x8a</size>
         <input_file_ref idref="fl-3b"/>
      </object_component>
      <object_component id="oc-108">
         <name>.debug_line</name>
         <load_address>0x1065</load_address>
         <run_address>0x1065</run_address>
         <size>0x20</size>
         <input_file_ref idref="fl-3c"/>
      </object_component>
      <object_component id="oc-a3">
         <name>.debug_line</name>
         <load_address>0x1085</load_address>
         <run_address>0x1085</run_address>
         <size>0x87</size>
         <input_file_ref idref="fl-3c"/>
      </object_component>
      <object_component id="oc-3d">
         <name>.debug_line</name>
         <load_address>0x110c</load_address>
         <run_address>0x110c</run_address>
         <size>0x49</size>
         <input_file_ref idref="fl-3c"/>
      </object_component>
      <object_component id="oc-aa">
         <name>.debug_line</name>
         <load_address>0x1155</load_address>
         <run_address>0x1155</run_address>
         <size>0x39</size>
         <input_file_ref idref="fl-3c"/>
      </object_component>
      <object_component id="oc-f8">
         <name>.debug_line</name>
         <load_address>0x118e</load_address>
         <run_address>0x118e</run_address>
         <size>0x8a</size>
         <input_file_ref idref="fl-3d"/>
      </object_component>
      <object_component id="oc-2bd">
         <name>.debug_line</name>
         <load_address>0x1218</load_address>
         <run_address>0x1218</run_address>
         <size>0x2d</size>
         <input_file_ref idref="fl-3e"/>
      </object_component>
      <object_component id="oc-1f3">
         <name>.debug_line</name>
         <load_address>0x1245</load_address>
         <run_address>0x1245</run_address>
         <size>0xe9</size>
         <input_file_ref idref="fl-3e"/>
      </object_component>
      <object_component id="oc-105">
         <name>.debug_line</name>
         <load_address>0x132e</load_address>
         <run_address>0x132e</run_address>
         <size>0x40</size>
         <input_file_ref idref="fl-3f"/>
      </object_component>
      <object_component id="oc-e4">
         <name>.debug_line</name>
         <load_address>0x136e</load_address>
         <run_address>0x136e</run_address>
         <size>0x3a</size>
         <input_file_ref idref="fl-40"/>
      </object_component>
      <object_component id="oc-1ff">
         <name>.debug_line</name>
         <load_address>0x13a8</load_address>
         <run_address>0x13a8</run_address>
         <size>0x3d</size>
         <input_file_ref idref="fl-42"/>
      </object_component>
      <object_component id="oc-271">
         <name>.debug_line</name>
         <load_address>0x13e5</load_address>
         <run_address>0x13e5</run_address>
         <size>0x61</size>
         <input_file_ref idref="fl-43"/>
      </object_component>
      <object_component id="oc-2dc">
         <name>.debug_line</name>
         <load_address>0x1446</load_address>
         <run_address>0x1446</run_address>
         <size>0x20</size>
         <input_file_ref idref="fl-44"/>
      </object_component>
      <object_component id="oc-220">
         <name>.debug_line</name>
         <load_address>0x1466</load_address>
         <run_address>0x1466</run_address>
         <size>0x5b</size>
         <input_file_ref idref="fl-44"/>
      </object_component>
      <object_component id="oc-2d3">
         <name>.debug_line</name>
         <load_address>0x14c1</load_address>
         <run_address>0x14c1</run_address>
         <size>0x20</size>
         <input_file_ref idref="fl-45"/>
      </object_component>
      <object_component id="oc-203">
         <name>.debug_line</name>
         <load_address>0x14e1</load_address>
         <run_address>0x14e1</run_address>
         <size>0x60</size>
         <input_file_ref idref="fl-45"/>
      </object_component>
      <object_component id="oc-20b">
         <name>.debug_line</name>
         <load_address>0x1541</load_address>
         <run_address>0x1541</run_address>
         <size>0x3d</size>
         <input_file_ref idref="fl-46"/>
      </object_component>
      <object_component id="oc-2fe">
         <name>.debug_line</name>
         <load_address>0x157e</load_address>
         <run_address>0x157e</run_address>
         <size>0x20</size>
         <input_file_ref idref="fl-47"/>
      </object_component>
      <object_component id="oc-282">
         <name>.debug_line</name>
         <load_address>0x159e</load_address>
         <run_address>0x159e</run_address>
         <size>0x82</size>
         <input_file_ref idref="fl-47"/>
      </object_component>
      <object_component id="oc-2e7">
         <name>.debug_line</name>
         <load_address>0x1620</load_address>
         <run_address>0x1620</run_address>
         <size>0x20</size>
         <input_file_ref idref="fl-48"/>
      </object_component>
      <object_component id="oc-247">
         <name>.debug_line</name>
         <load_address>0x1640</load_address>
         <run_address>0x1640</run_address>
         <size>0xf0</size>
         <input_file_ref idref="fl-48"/>
      </object_component>
      <object_component id="oc-b0">
         <name>.debug_line</name>
         <load_address>0x1730</load_address>
         <run_address>0x1730</run_address>
         <size>0x3c</size>
         <input_file_ref idref="fl-56"/>
[...]
         <value>0xffee</value>
         <object_component_ref idref="oc-44"/>
      </symbol>
      <symbol id="sm-2f8">
         <name>__TI_int08</name>
         <value>0xfff0</value>
         <object_component_ref idref="oc-45"/>
      </symbol>
      <symbol id="sm-2fb">
         <name>__TI_int09</name>
         <value>0xfff2</value>
         <object_component_ref idref="oc-46"/>
      </symbol>
      <symbol id="sm-2fe">
         <name>__TI_int10</name>
         <value>0xfff4</value>
         <object_component_ref idref="oc-47"/>
      </symbol>
      <symbol id="sm-301">
         <name>__TI_int11</name>
         <value>0xfff6</value>
         <object_component_ref idref="oc-48"/>
      </symbol>
      <symbol id="sm-304">
         <name>__TI_int12</name>
         <value>0xfff8</value>
         <object_component_ref idref="oc-49"/>
      </symbol>
      <symbol id="sm-307">
         <name>__TI_int13</name>
         <value>0xfffa</value>
         <object_component_ref idref="oc-4a"/>
      </symbol>
      <symbol id="sm-30a">
         <name>__TI_int14</name>
         <value>0xfffc</value>
         <object_component_ref idref="oc-4b"/>
      </symbol>
      <symbol id="sm-312">
         <name>__TI_ISR_TRAP</name>
         <value>0xe0ac</value>
         <object_component_ref idref="oc-ac"/>
      </symbol>
      <symbol id="sm-31a">
         <name>__mspabi_slli</name>
         <value>0xde66</value>
         <object_component_ref idref="oc-224"/>
      </symbol>
      <symbol id="sm-31b">
         <name>__mspabi_slli_9</name>
         <value>0xde7e</value>
         <object_component_ref idref="oc-224"/>
      </symbol>
      <symbol id="sm-31c">
         <name>__mspabi_slli_8</name>
         <value>0xde80</value>
         <object_component_ref idref="oc-224"/>
      </symbol>
      <symbol id="sm-31d">
         <name>__mspabi_slli_7</name>
         <value>0xde82</value>
         <object_component_ref idref="oc-224"/>
      </symbol>
      <symbol id="sm-31e">
         <name>__mspabi_slli_6</name>
         <value>0xde84</value>
         <object_component_ref idref="oc-224"/>
      </symbol>
      <symbol id="sm-31f">
         <name>__mspabi_slli_5</name>
         <value>0xde86</value>
         <object_component_ref idref="oc-224"/>
      </symbol>
      <symbol id="sm-320">
         <name>__mspabi_slli_4</name>
         <value>0xde88</value>
         <object_component_ref idref="oc-224"/>
      </symbol>
      <symbol id="sm-321">
         <name>__mspabi_slli_3</name>
         <value>0xde8a</value>
         <object_component_ref idref="oc-224"/>
      </symbol>
      <symbol id="sm-322">
         <name>__mspabi_slli_2</name>
         <value>0xde8c</value>
         <object_component_ref idref="oc-224"/>
      </symbol>
      <symbol id="sm-323">
         <name>__mspabi_slli_1</name>
         <value>0xde8e</value>
         <object_component_ref idref="oc-224"/>
      </symbol>
      <symbol id="sm-324">
         <name>__mspabi_slli_15</name>
         <value>0xde72</value>
         <object_component_ref idref="oc-224"/>
      </symbol>
      <symbol id="sm-325">
         <name>__mspabi_slli_14</name>
         <value>0xde74</value>
         <object_component_ref idref="oc-224"/>
      </symbol>
      <symbol id="sm-326">
         <name>__mspabi_slli_13</name>
         <value>0xde76</value>
         <object_component_ref idref="oc-224"/>
      </symbol>
      <symbol id="sm-327">
         <name>__mspabi_slli_12</name>
         <value>0xde78</value>
         <object_component_ref idref="oc-224"/>
      </symbol>
      <symbol id="sm-328">
         <name>__mspabi_slli_11</name>
         <value>0xde7a</value>
         <object_component_ref idref="oc-224"/>
      </symbol>
      <symbol id="sm-329">
         <name>__mspabi_slli_10</name>
         <value>0xde7c</value>
         <object_component_ref idref="oc-224"/>
      </symbol>
      <symbol id="sm-339">
         <name>__mspabi_slll_9</name>
         <value>0xddb0</value>
         <object_component_ref idref="oc-2b5"/>
      </symbol>
      <symbol id="sm-33a">
         <name>__mspabi_slll_8</name>
         <value>0xddb4</value>
         <object_component_ref idref="oc-2b5"/>
      </symbol>
      <symbol id="sm-33b">
         <name>__mspabi_slll_7</name>
         <value>0xddb8</value>
         <object_component_ref idref="oc-2b5"/>
      </symbol>
      <symbol id="sm-33c">
         <name>__mspabi_slll_6</name>
         <value>0xddbc</value>
         <object_component_ref idref="oc-2b5"/>
      </symbol>
      <symbol id="sm-33d">
         <name>__mspabi_slll_5</name>
         <value>0xddc0</value>
         <object_component_ref idref="oc-2b5"/>
      </symbol>
      <symbol id="sm-33e">
         <name>__mspabi_slll_4</name>
         <value>0xddc4</value>
         <object_component_ref idref="oc-2b5"/>
      </symbol>
      <symbol id="sm-33f">
         <name>__mspabi_slll_3</name>
         <value>0xddc8</value>
         <object_component_ref idref="oc-2b5"/>
      </symbol>
      <symbol id="sm-340">
         <name>__mspabi_slll_2</name>
         <value>0xddcc</value>
         <object_component_ref idref="oc-2b5"/>
      </symbol>
      <symbol id="sm-341">
         <name>__mspabi_slll_1</name>
         <value>0xddd0</value>
         <object_component_ref idref="oc-2b5"/>
      </symbol>
      <symbol id="sm-342">
         <name>__mspabi_slll</name>
         <value>0xe058</value>
         <object_component_ref idref="oc-2e8"/>
      </symbol>
      <symbol id="sm-343">
         <name>__mspabi_slll_15</name>
         <value>0xdd98</value>
         <object_component_ref idref="oc-2b5"/>
      </symbol>
      <symbol id="sm-344">
         <name>__mspabi_slll_14</name>
         <value>0xdd9c</value>
         <object_component_ref idref="oc-2b5"/>
      </symbol>
      <symbol id="sm-345">
         <name>__mspabi_slll_13</name>
         <value>0xdda0</value>
         <object_component_ref idref="oc-2b5"/>
      </symbol>
      <symbol id="sm-346">
         <name>__mspabi_slll_12</name>
         <value>0xdda4</value>
         <object_component_ref idref="oc-2b5"/>
      </symbol>
      <symbol id="sm-347">
         <name>__mspabi_slll_11</name>
         <value>0xdda8</value>
         <object_component_ref idref="oc-2b5"/>
      </symbol>
      <symbol id="sm-348">
         <name>__mspabi_slll_10</name>
         <value>0xddac</value>
         <object_component_ref idref="oc-2b5"/>
      </symbol>
      <symbol id="sm-355">
         <name>__mspabi_sllll</name>
         <value>0xdcda</value>
         <object_component_ref idref="oc-259"/>
      </symbol>
      <symbol id="sm-35d">
         <name>__mspabi_srli_8</name>
         <value>0xdc2c</value>
         <object_component_ref idref="oc-241"/>
      </symbol>
      <symbol id="sm-35e">
         <name>__mspabi_srli_9</name>
         <value>0xdc28</value>
         <object_component_ref idref="oc-241"/>
      </symbol>
      <symbol id="sm-35f">
         <name>__mspabi_srli_6</name>
         <value>0xdc34</value>
         <object_component_ref idref="oc-241"/>
      </symbol>
      <symbol id="sm-360">
         <name>__mspabi_srli_7</name>
         <value>0xdc30</value>
         <object_component_ref idref="oc-241"/>
      </symbol>
      <symbol id="sm-361">
         <name>__mspabi_srli_4</name>
         <value>0xdc3c</value>
         <object_component_ref idref="oc-241"/>
      </symbol>
      <symbol id="sm-362">
         <name>__mspabi_srli_5</name>
         <value>0xdc38</value>
         <object_component_ref idref="oc-241"/>
      </symbol>
      <symbol id="sm-363">
         <name>__mspabi_srli_2</name>
         <value>0xdc44</value>
         <object_component_ref idref="oc-241"/>
      </symbol>
      <symbol id="sm-364">
         <name>__mspabi_srli_3</name>
         <value>0xdc40</value>
         <object_component_ref idref="oc-241"/>
      </symbol>
      <symbol id="sm-365">
         <name>__mspabi_srli_1</name>
         <value>0xdc48</value>
         <object_component_ref idref="oc-241"/>
      </symbol>
      <symbol id="sm-366">
         <name>__mspabi_srli</name>
         <value>0xdc02</value>
         <object_component_ref idref="oc-241"/>
      </symbol>
      <symbol id="sm-367">
         <name>__mspabi_srli_15</name>
         <value>0xdc10</value>
         <object_component_ref idref="oc-241"/>
      </symbol>
      <symbol id="sm-368">
         <name>__mspabi_srli_14</name>
         <value>0xdc14</value>
         <object_component_ref idref="oc-241"/>
      </symbol>
      <symbol id="sm-369">
         <name>__mspabi_srli_13</name>
         <value>0xdc18</value>
         <object_component_ref idref="oc-241"/>
      </symbol>
      <symbol id="sm-36a">
         <name>__mspabi_srli_12</name>
         <value>0xdc1c</value>
         <object_component_ref idref="oc-241"/>
      </symbol>
      <symbol id="sm-36b">
         <name>__mspabi_srli_11</name>
         <value>0xdc20</value>
         <object_component_ref idref="oc-241"/>
      </symbol>
      <symbol id="sm-36c">
         <name>__mspabi_srli_10</name>
         <value>0xdc24</value>
         <object_component_ref idref="oc-241"/>
      </symbol>
      <symbol id="sm-37c">
         <name>__mspabi_srll_8</name>
         <value>0xdb28</value>
         <object_component_ref idref="oc-2a6"/>
      </symbol>
      <symbol id="sm-37d">
         <name>__mspabi_srll_9</name>
         <value>0xdb22</value>
         <object_component_ref idref="oc-2a6"/>
      </symbol>
      <symbol id="sm-37e">
         <name>__mspabi_srll_6</name>
         <value>0xdb34</value>
         <object_component_ref idref="oc-2a6"/>
      </symbol>
      <symbol id="sm-37f">
         <name>__mspabi_srll_7</name>
         <value>0xdb2e</value>
         <object_component_ref idref="oc-2a6"/>
      </symbol>
      <symbol id="sm-380">
         <name>__mspabi_srll_4</name>
         <value>0xdb40</value>
         <object_component_ref idref="oc-2a6"/>
      </symbol>
      <symbol id="sm-381">
         <name>__mspabi_srll_5</name>
         <value>0xdb3a</value>
         <object_component_ref idref="oc-2a6"/>
      </symbol>
      <symbol id="sm-382">
         <name>__mspabi_srll_2</name>
         <value>0xdb4c</value>
         <object_component_ref idref="oc-2a6"/>
      </symbol>
      <symbol id="sm-383">
         <name>__mspabi_srll_3</name>
         <value>0xdb46</value>
         <object_component_ref idref="oc-2a6"/>
      </symbol>
      <symbol id="sm-384">
         <name>__mspabi_srll_1</name>
         <value>0xdb52</value>
         <object_component_ref idref="oc-2a6"/>
      </symbol>
      <symbol id="sm-385">
         <name>__mspabi_srll_15</name>
         <value>0xdafe</value>
         <object_component_ref idref="oc-2a6"/>
      </symbol>
      <symbol id="sm-386">
         <name>__mspabi_srll_14</name>
         <value>0xdb04</value>
         <object_component_ref idref="oc-2a6"/>
      </symbol>
      <symbol id="sm-387">
         <name>__mspabi_srll_13</name>
         <value>0xdb0a</value>
         <object_component_ref idref="oc-2a6"/>
      </symbol>
      <symbol id="sm-388">
         <name>__mspabi_srll_12</name>
         <value>0xdb10</value>
         <object_component_ref idref="oc-2a6"/>
      </symbol>
      <symbol id="sm-389">
         <name>__mspabi_srll_11</name>
         <value>0xdb16</value>
         <object_component_ref idref="oc-2a6"/>
      </symbol>
      <symbol id="sm-38a">
         <name>__mspabi_srll_10</name>
         <value>0xdb1c</value>
         <object_component_ref idref="oc-2a6"/>
      </symbol>
      <symbol id="sm-38b">
         <name>__mspabi_srll</name>
         <value>0xe024</value>
         <object_component_ref idref="oc-2cb"/>
      </symbol>
      <symbol id="sm-398">
         <name>__mspabi_srlll</name>
         <value>0xdc96</value>
         <object_component_ref idref="oc-253"/>
      </symbol>
      <symbol id="sm-3a6">
         <name>memcpy</name>
         <value>0xe036</value>
         <object_component_ref idref="oc-92"/>
      </symbol>
      <symbol id="sm-3c9">
         <name>__mspabi_mpyd</name>
         <value>0xca3e</value>
         <object_component_ref idref="oc-210"/>
      </symbol>
      <symbol id="sm-3d3">
         <name>__mspabi_mpyi_sw</name>
         <value>0xdffe</value>
         <object_component_ref idref="oc-216"/>
      </symbol>
      <symbol id="sm-3d4">
         <name>__mspabi_mpyi</name>
         <value>0xdffe</value>
         <object_component_ref idref="oc-216"/>
      </symbol>
      <symbol id="sm-3de">
         <name>__mspabi_mpyl_sw</name>
         <value>0xdee0</value>
         <object_component_ref idref="oc-2ab"/>
      </symbol>
      <symbol id="sm-3df">
         <name>__mspabi_mpyl</name>
         <value>0xdee0</value>
         <object_component_ref idref="oc-2ab"/>
      </symbol>
      <symbol id="sm-3e8">
         <name>_system_pre_init</name>
         <value>0xe0b8</value>
         <object_component_ref idref="oc-b8"/>
      </symbol>
      <symbol id="sm-3f1">
         <name>__mspabi_subd</name>
         <value>0xde0c</value>
         <object_component_ref idref="oc-274"/>
      </symbol>
      <symbol id="sm-414">
         <name>__mspabi_addd</name>
         <value>0xc756</value>
         <object_component_ref idref="oc-265"/>
      </symbol>
      <symbol id="sm-41e">
         <name>__mspabi_srai</name>
         <value>0xde3a</value>
         <object_component_ref idref="oc-285"/>
      </symbol>
      <symbol id="sm-41f">
         <name>__mspabi_srai_8</name>
         <value>0xde54</value>
         <object_component_ref idref="oc-285"/>
      </symbol>
      <symbol id="sm-420">
         <name>__mspabi_srai_9</name>
         <value>0xde52</value>
         <object_component_ref idref="oc-285"/>
      </symbol>
      <symbol id="sm-421">
         <name>__mspabi_srai_6</name>
         <value>0xde58</value>
         <object_component_ref idref="oc-285"/>
      </symbol>
      <symbol id="sm-422">
         <name>__mspabi_srai_7</name>
         <value>0xde56</value>
         <object_component_ref idref="oc-285"/>
      </symbol>
      <symbol id="sm-423">
         <name>__mspabi_srai_4</name>
         <value>0xde5c</value>
         <object_component_ref idref="oc-285"/>
      </symbol>
      <symbol id="sm-424">
         <name>__mspabi_srai_5</name>
         <value>0xde5a</value>
         <object_component_ref idref="oc-285"/>
      </symbol>
      <symbol id="sm-425">
         <name>__mspabi_srai_2</name>
         <value>0xde60</value>
         <object_component_ref idref="oc-285"/>
      </symbol>
      <symbol id="sm-426">
         <name>__mspabi_srai_3</name>
         <value>0xde5e</value>
         <object_component_ref idref="oc-285"/>
      </symbol>
      <symbol id="sm-427">
         <name>__mspabi_srai_1</name>
         <value>0xde62</value>
         <object_component_ref idref="oc-285"/>
      </symbol>
      <symbol id="sm-428">
         <name>__mspabi_srai_15</name>
         <value>0xde46</value>
         <object_component_ref idref="oc-285"/>
      </symbol>
      <symbol id="sm-429">
         <name>__mspabi_srai_14</name>
         <value>0xde48</value>
         <object_component_ref idref="oc-285"/>
      </symbol>
      <symbol id="sm-42a">
         <name>__mspabi_srai_13</name>
         <value>0xde4a</value>
         <object_component_ref idref="oc-285"/>
      </symbol>
      <symbol id="sm-42b">
         <name>__mspabi_srai_12</name>
         <value>0xde4c</value>
         <object_component_ref idref="oc-285"/>
      </symbol>
      <symbol id="sm-42c">
         <name>__mspabi_srai_11</name>
         <value>0xde4e</value>
         <object_component_ref idref="oc-285"/>
      </symbol>
      <symbol id="sm-42d">
         <name>__mspabi_srai_10</name>
         <value>0xde50</value>
         <object_component_ref idref="oc-285"/>
      </symbol>
      <symbol id="sm-43d">
         <name>__mspabi_sral</name>
         <value>0xe048</value>
         <object_component_ref idref="oc-2ed"/>
      </symbol>
      <symbol id="sm-43e">
         <name>__mspabi_sral_15</name>
         <value>0xdd5a</value>
         <object_component_ref idref="oc-2b0"/>
      </symbol>
      <symbol id="sm-43f">
         <name>__mspabi_sral_14</name>
         <value>0xdd5e</value>
         <object_component_ref idref="oc-2b0"/>
      </symbol>
      <symbol id="sm-440">
         <name>__mspabi_sral_13</name>
         <value>0xdd62</value>
         <object_component_ref idref="oc-2b0"/>
      </symbol>
      <symbol id="sm-441">
         <name>__mspabi_sral_12</name>
         <value>0xdd66</value>
         <object_component_ref idref="oc-2b0"/>
      </symbol>
      <symbol id="sm-442">
         <name>__mspabi_sral_11</name>
         <value>0xdd6a</value>
         <object_component_ref idref="oc-2b0"/>
      </symbol>
      <symbol id="sm-443">
         <name>__mspabi_sral_10</name>
         <value>0xdd6e</value>
         <object_component_ref idref="oc-2b0"/>
      </symbol>
      <symbol id="sm-444">
         <name>__mspabi_sral_8</name>
         <value>0xdd76</value>
         <object_component_ref idref="oc-2b0"/>
      </symbol>
      <symbol id="sm-445">
         <name>__mspabi_sral_9</name>
         <value>0xdd72</value>
         <object_component_ref idref="oc-2b0"/>
      </symbol>
      <symbol id="sm-446">
         <name>__mspabi_sral_6</name>
         <value>0xdd7e</value>
         <object_component_ref idref="oc-2b0"/>
      </symbol>
      <symbol id="sm-447">
         <name>__mspabi_sral_7</name>
         <value>0xdd7a</value>
         <object_component_ref idref="oc-2b0"/>
      </symbol>
      <symbol id="sm-448">
         <name>__mspabi_sral_4</name>
         <value>0xdd86</value>
         <object_component_ref idref="oc-2b0"/>
      </symbol>
      <symbol id="sm-449">
         <name>__mspabi_sral_5</name>
         <value>0xdd82</value>
         <object_component_ref idref="oc-2b0"/>
      </symbol>
      <symbol id="sm-44a">
         <name>__mspabi_sral_2</name>
         <value>0xdd8e</value>
         <object_component_ref idref="oc-2b0"/>
      </symbol>
      <symbol id="sm-44b">
         <name>__mspabi_sral_3</name>
         <value>0xdd8a</value>
         <object_component_ref idref="oc-2b0"/>
      </symbol>
      <symbol id="sm-44c">
         <name>__mspabi_sral_1</name>
         <value>0xdd92</value>
         <object_component_ref idref="oc-2b0"/>
      </symbol>
      <symbol id="sm-463">
         <name>_auto_init</name>
         <value>0xdb5a</value>
         <object_component_ref idref="oc-be"/>
      </symbol>
      <symbol id="sm-484">
         <name>__TI_frcaddd</name>
         <value>0xccac</value>
         <object_component_ref idref="oc-2c1"/>
      </symbol>
      <symbol id="sm-495">
         <name>__TI_frcmpyd</name>
         <value>0xc462</value>
         <object_component_ref idref="oc-28a"/>
      </symbol>
      <symbol id="sm-4a8">
         <name>__TI_renormd</name>
         <value>0xd82a</value>
         <object_component_ref idref="oc-2f2"/>
      </symbol>
      <symbol id="sm-4ab">
         <name>__TI_INITARRAY_Base</name>
         <value>0x0</value>
      </symbol>
      <symbol id="sm-4ac">
         <name>__TI_INITARRAY_Limit</name>
         <value>0x0</value>
      </symbol>
   </symbol_table>
   <title>Link successful</title>
</link_info>
